Archive member included to satisfy reference by file (symbol)

/home/evgeniy/Ac6/SystemWorkbench/plugins/fr.ac6.mcu.externaltools.arm-none.linux64_1.17.0.201812190825/tools/compiler/bin/../lib/gcc/arm-none-eabi/7.3.1/../../../../arm-none-eabi/lib/thumb/v7-m/libc_nano.a(lib_a-errno.o)
                              Src/syscalls.o (__errno)
/home/evgeniy/Ac6/SystemWorkbench/plugins/fr.ac6.mcu.externaltools.arm-none.linux64_1.17.0.201812190825/tools/compiler/bin/../lib/gcc/arm-none-eabi/7.3.1/../../../../arm-none-eabi/lib/thumb/v7-m/libc_nano.a(lib_a-exit.o)
                              /home/evgeniy/Ac6/SystemWorkbench/plugins/fr.ac6.mcu.externaltools.arm-none.linux64_1.17.0.201812190825/tools/compiler/bin/../lib/gcc/arm-none-eabi/7.3.1/../../../../arm-none-eabi/lib/thumb/v7-m/crt0.o (exit)
/home/evgeniy/Ac6/SystemWorkbench/plugins/fr.ac6.mcu.externaltools.arm-none.linux64_1.17.0.201812190825/tools/compiler/bin/../lib/gcc/arm-none-eabi/7.3.1/../../../../arm-none-eabi/lib/thumb/v7-m/libc_nano.a(lib_a-impure.o)
                              /home/evgeniy/Ac6/SystemWorkbench/plugins/fr.ac6.mcu.externaltools.arm-none.linux64_1.17.0.201812190825/tools/compiler/bin/../lib/gcc/arm-none-eabi/7.3.1/../../../../arm-none-eabi/lib/thumb/v7-m/libc_nano.a(lib_a-exit.o) (_global_impure_ptr)
/home/evgeniy/Ac6/SystemWorkbench/plugins/fr.ac6.mcu.externaltools.arm-none.linux64_1.17.0.201812190825/tools/compiler/bin/../lib/gcc/arm-none-eabi/7.3.1/../../../../arm-none-eabi/lib/thumb/v7-m/libc_nano.a(lib_a-init.o)
                              /home/evgeniy/Ac6/SystemWorkbench/plugins/fr.ac6.mcu.externaltools.arm-none.linux64_1.17.0.201812190825/tools/compiler/bin/../lib/gcc/arm-none-eabi/7.3.1/../../../../arm-none-eabi/lib/thumb/v7-m/crt0.o (__libc_init_array)
/home/evgeniy/Ac6/SystemWorkbench/plugins/fr.ac6.mcu.externaltools.arm-none.linux64_1.17.0.201812190825/tools/compiler/bin/../lib/gcc/arm-none-eabi/7.3.1/../../../../arm-none-eabi/lib/thumb/v7-m/libc_nano.a(lib_a-memset.o)
                              /home/evgeniy/Ac6/SystemWorkbench/plugins/fr.ac6.mcu.externaltools.arm-none.linux64_1.17.0.201812190825/tools/compiler/bin/../lib/gcc/arm-none-eabi/7.3.1/../../../../arm-none-eabi/lib/thumb/v7-m/crt0.o (memset)

Allocating common symbols
Common symbol       size              file

hUsbDeviceFS        0x2c4             Src/usb_device.o
uwTick              0x4               Drivers/STM32F1xx_HAL_Driver/Src/stm32f1xx_hal.o
pFlash              0x20              Drivers/STM32F1xx_HAL_Driver/Src/stm32f1xx_hal_flash.o
EraseInitStruct     0x10              Src/usbd_storage_if.o
hpcd_USB_FS         0x26c             Src/usbd_conf.o
USBD_StrDesc        0x200             Src/usbd_desc.o

Discarded input sections

 .text          0x0000000000000000        0x0 /home/evgeniy/Ac6/SystemWorkbench/plugins/fr.ac6.mcu.externaltools.arm-none.linux64_1.17.0.201812190825/tools/compiler/bin/../lib/gcc/arm-none-eabi/7.3.1/thumb/v7-m/crti.o
 .data          0x0000000000000000        0x0 /home/evgeniy/Ac6/SystemWorkbench/plugins/fr.ac6.mcu.externaltools.arm-none.linux64_1.17.0.201812190825/tools/compiler/bin/../lib/gcc/arm-none-eabi/7.3.1/thumb/v7-m/crti.o
 .bss           0x0000000000000000        0x0 /home/evgeniy/Ac6/SystemWorkbench/plugins/fr.ac6.mcu.externaltools.arm-none.linux64_1.17.0.201812190825/tools/compiler/bin/../lib/gcc/arm-none-eabi/7.3.1/thumb/v7-m/crti.o
 .data          0x0000000000000000        0x4 /home/evgeniy/Ac6/SystemWorkbench/plugins/fr.ac6.mcu.externaltools.arm-none.linux64_1.17.0.201812190825/tools/compiler/bin/../lib/gcc/arm-none-eabi/7.3.1/thumb/v7-m/crtbegin.o
 .text          0x0000000000000000       0x74 /home/evgeniy/Ac6/SystemWorkbench/plugins/fr.ac6.mcu.externaltools.arm-none.linux64_1.17.0.201812190825/tools/compiler/bin/../lib/gcc/arm-none-eabi/7.3.1/../../../../arm-none-eabi/lib/thumb/v7-m/crt0.o
 .data          0x0000000000000000        0x0 /home/evgeniy/Ac6/SystemWorkbench/plugins/fr.ac6.mcu.externaltools.arm-none.linux64_1.17.0.201812190825/tools/compiler/bin/../lib/gcc/arm-none-eabi/7.3.1/../../../../arm-none-eabi/lib/thumb/v7-m/crt0.o
 .bss           0x0000000000000000        0x0 /home/evgeniy/Ac6/SystemWorkbench/plugins/fr.ac6.mcu.externaltools.arm-none.linux64_1.17.0.201812190825/tools/compiler/bin/../lib/gcc/arm-none-eabi/7.3.1/../../../../arm-none-eabi/lib/thumb/v7-m/crt0.o
 .ARM.extab     0x0000000000000000        0x0 /home/evgeniy/Ac6/SystemWorkbench/plugins/fr.ac6.mcu.externaltools.arm-none.linux64_1.17.0.201812190825/tools/compiler/bin/../lib/gcc/arm-none-eabi/7.3.1/../../../../arm-none-eabi/lib/thumb/v7-m/crt0.o
 .ARM.exidx     0x0000000000000000        0x8 /home/evgeniy/Ac6/SystemWorkbench/plugins/fr.ac6.mcu.externaltools.arm-none.linux64_1.17.0.201812190825/tools/compiler/bin/../lib/gcc/arm-none-eabi/7.3.1/../../../../arm-none-eabi/lib/thumb/v7-m/crt0.o
 .ARM.attributes
[...]
Memory Configuration

Name             Origin             Length             Attributes
RAM              0x0000000020000000 0x0000000000005000 xrw
FLASH            0x0000000008000000 0x0000000000010000 xr
*default*        0x0000000000000000 0xffffffffffffffff

Linker script and memory map

LOAD /home/evgeniy/Ac6/SystemWorkbench/plugins/fr.ac6.mcu.externaltools.arm-none.linux64_1.17.0.201812190825/tools/compiler/bin/../lib/gcc/arm-none-eabi/7.3.1/thumb/v7-m/crti.o
LOAD /home/evgeniy/Ac6/SystemWorkbench/plugins/fr.ac6.mcu.externaltools.arm-none.linux64_1.17.0.201812190825/tools/compiler/bin/../lib/gcc/arm-none-eabi/7.3.1/thumb/v7-m/crtbegin.o
LOAD /home/evgeniy/Ac6/SystemWorkbench/plugins/fr.ac6.mcu.externaltools.arm-none.linux64_1.17.0.201812190825/tools/compiler/bin/../lib/gcc/arm-none-eabi/7.3.1/../../../../arm-none-eabi/lib/thumb/v7-m/crt0.o
LOAD Drivers/STM32F1xx_HAL_Driver/Src/stm32f1xx_hal.o
LOAD Drivers/STM32F1xx_HAL_Driver/Src/stm32f1xx_hal_cortex.o
LOAD Drivers/STM32F1xx_HAL_Driver/Src/stm32f1xx_hal_dma.o
LOAD Drivers/STM32F1xx_HAL_Driver/Src/stm32f1xx_hal_exti.o
LOAD Drivers/STM32F1xx_HAL_Driver/Src/stm32f1xx_hal_flash.o
LOAD Drivers/STM32F1xx_HAL_Driver/Src/stm32f1xx_hal_flash_ex.o
LOAD Drivers/STM32F1xx_HAL_Driver/Src/stm32f1xx_hal_gpio.o
LOAD Drivers/STM32F1xx_HAL_Driver/Src/stm32f1xx_hal_gpio_ex.o
LOAD Drivers/STM32F1xx_HAL_Driver/Src/stm32f1xx_hal_pcd.o
LOAD Drivers/STM32F1xx_HAL_Driver/Src/stm32f1xx_hal_pcd_ex.o
LOAD Drivers/STM32F1xx_HAL_Driver/Src/stm32f1xx_hal_pwr.o
LOAD Drivers/STM32F1xx_HAL_Driver/Src/stm32f1xx_hal_rcc.o
LOAD Drivers/STM32F1xx_HAL_Driver/Src/stm32f1xx_hal_rcc_ex.o
LOAD Drivers/STM32F1xx_HAL_Driver/Src/stm32f1xx_hal_tim.o
LOAD Drivers/STM32F1xx_HAL_Driver/Src/stm32f1xx_hal_tim_ex.o
LOAD Drivers/STM32F1xx_HAL_Driver/Src/stm32f1xx_ll_usb.o
LOAD Middlewares/ST/STM32_USB_Device_Library/Class/MSC/Src/usbd_msc.o
LOAD Middlewares/ST/STM32_USB_Device_Library/Class/MSC/Src/usbd_msc_bot.o
LOAD Middlewares/ST/STM32_USB_Device_Library/Class/MSC/Src/usbd_msc_data.o
LOAD Middlewares/ST/STM32_USB_Device_Library/Class/MSC/Src/usbd_msc_scsi.o
LOAD Middlewares/ST/STM32_USB_Device_Library/Core/Src/usbd_core.o
LOAD Middlewares/ST/STM32_USB_Device_Library/Core/Src/usbd_ctlreq.o
LOAD Middlewares/ST/STM32_USB_Device_Library/Core/Src/usbd_ioreq.o
LOAD Src/main.o
LOAD Src/stm32f1xx_hal_msp.o
LOAD Src/stm32f1xx_it.o
LOAD Src/syscalls.o
LOAD Src/system_stm32f1xx.o
LOAD Src/usb_device.o
LOAD Src/usbd_conf.o
LOAD Src/usbd_desc.o
LOAD Src/usbd_storage_if.o
LOAD startup/startup_stm32f103xb.o
LOAD /home/evgeniy/Ac6/SystemWorkbench/plugins/fr.ac6.mcu.externaltools.arm-none.linux64_1.17.0.201812190825/tools/compiler/bin/../lib/gcc/arm-none-eabi/7.3.1/../../../../arm-none-eabi/lib/thumb/v7-m/libm.a
START GROUP
LOAD /home/evgeniy/Ac6/SystemWorkbench/plugins/fr.ac6.mcu.externaltools.arm-none.linux64_1.17.0.201812190825/tools/compiler/bin/../lib/gcc/arm-none-eabi/7.3.1/thumb/v7-m/libgcc.a
LOAD /home/evgeniy/Ac6/SystemWorkbench/plugins/fr.ac6.mcu.externaltools.arm-none.linux64_1.17.0.201812190825/tools/compiler/bin/../lib/gcc/arm-none-eabi/7.3.1/../../../../arm-none-eabi/lib/thumb/v7-m/libc_nano.a
END GROUP
START GROUP
LOAD /home/evgeniy/Ac6/SystemWorkbench/plugins/fr.ac6.mcu.externaltools.arm-none.linux64_1.17.0.201812190825/tools/compiler/bin/../lib/gcc/arm-none-eabi/7.3.1/thumb/v7-m/libgcc.a
LOAD /home/evgeniy/Ac6/SystemWorkbench/plugins/fr.ac6.mcu.externaltools.arm-none.linux64_1.17.0.201812190825/tools/compiler/bin/../lib/gcc/arm-none-eabi/7.3.1/../../../../arm-none-eabi/lib/thumb/v7-m/libc_nano.a
LOAD /home/evgeniy/Ac6/SystemWorkbench/plugins/fr.ac6.mcu.externaltools.arm-none.linux64_1.17.0.201812190825/tools/compiler/bin/../lib/gcc/arm-none-eabi/7.3.1/../../../../arm-none-eabi/lib/thumb/v7-m/libnosys.a
END GROUP
START GROUP
LOAD /home/evgeniy/Ac6/SystemWorkbench/plugins/fr.ac6.mcu.externaltools.arm-none.linux64_1.17.0.201812190825/tools/compiler/bin/../lib/gcc/arm-none-eabi/7.3.1/thumb/v7-m/libgcc.a
LOAD /home/evgeniy/Ac6/SystemWorkbench/plugins/fr.ac6.mcu.externaltools.arm-none.linux64_1.17.0.201812190825/tools/compiler/bin/../lib/gcc/arm-none-eabi/7.3.1/../../../../arm-none-eabi/lib/thumb/v7-m/libc_nano.a
LOAD /home/evgeniy/Ac6/SystemWorkbench/plugins/fr.ac6.mcu.externaltools.arm-none.linux64_1.17.0.201812190825/tools/compiler/bin/../lib/gcc/arm-none-eabi/7.3.1/../../../../arm-none-eabi/lib/thumb/v7-m/libnosys.a
END GROUP
LOAD /home/evgeniy/Ac6/SystemWorkbench/plugins/fr.ac6.mcu.externaltools.arm-none.linux64_1.17.0.201812190825/tools/compiler/bin/../lib/gcc/arm-none-eabi/7.3.1/thumb/v7-m/crtend.o
LOAD /home/evgeniy/Ac6/SystemWorkbench/plugins/fr.ac6.mcu.externaltools.arm-none.linux64_1.17.0.201812190825/tools/compiler/bin/../lib/gcc/arm-none-eabi/7.3.1/thumb/v7-m/crtn.o
                0x0000000020005000                _estack = 0x20005000
                0x0000000000000400                _Min_Heap_Size = 0x400
                0x0000000000000800                _Min_Stack_Size = 0x800

.isr_vector     0x0000000008000000      0x10c
                0x0000000008000000                . = ALIGN (0x4)
 *(.isr_vector)
 .isr_vector    0x0000000008000000      0x10c startup/startup_stm32f103xb.o
                0x0000000008000000                g_pfnVectors
                0x000000000800010c                . = ALIGN (0x4)

.text           0x000000000800010c     0x3d70
                0x000000000800010c                . = ALIGN (0x4)
 *(.text)
 .text          0x000000000800010c       0x40 /home/evgeniy/Ac6/SystemWorkbench/plugins/fr.ac6.mcu.externaltools.arm-none.linux64_1.17.0.201812190825/tools/compiler/bin/../lib/gcc/arm-none-eabi/7.3.1/thumb/v7-m/crtbegin.o
 *(.text*)
 .text.HAL_InitTick
                0x000000000800014c       0x48 Drivers/STM32F1xx_HAL_Driver/Src/stm32f1xx_hal.o
                0x000000000800014c                HAL_InitTick
 .text.HAL_Init
                0x0000000008000194       0x24 Drivers/STM32F1xx_HAL_Driver/Src/stm32f1xx_hal.o
                0x0000000008000194                HAL_Init
 .text.HAL_IncTick
                0x00000000080001b8       0x18 Drivers/STM32F1xx_HAL_Driver/Src/stm32f1xx_hal.o
                0x00000000080001b8                HAL_IncTick
 .text.HAL_GetTick
                0x00000000080001d0        0xc Drivers/STM32F1xx_HAL_Driver/Src/stm32f1xx_hal.o
                0x00000000080001d0                HAL_GetTick
 .text.HAL_NVIC_SetPriorityGrouping
                0x00000000080001dc       0x24 Drivers/STM32F1xx_HAL_Driver/Src/stm32f1xx_hal_cortex.o
                0x00000000080001dc                HAL_NVIC_SetPriorityGrouping
 .text.HAL_NVIC_SetPriority
                0x0000000008000200       0x68 Drivers/STM32F1xx_HAL_Driver/Src/stm32f1xx_hal_cortex.o
                0x0000000008000200                HAL_NVIC_SetPriority
 .text.HAL_NVIC_EnableIRQ
                0x0000000008000268       0x1c Drivers/STM32F1xx_HAL_Driver/Src/stm32f1xx_hal_cortex.o
                0x0000000008000268                HAL_NVIC_EnableIRQ
 .text.HAL_SYSTICK_Config
                0x0000000008000284       0x2c Drivers/STM32F1xx_HAL_Driver/Src/stm32f1xx_hal_cortex.o
                0x0000000008000284                HAL_SYSTICK_Config
 .text.FLASH_Program_HalfWord
                0x00000000080002b0       0x1c Drivers/STM32F1xx_HAL_Driver/Src/stm32f1xx_hal_flash.o
 .text.FLASH_SetErrorCode
                0x00000000080002cc       0x74 Drivers/STM32F1xx_HAL_Driver/Src/stm32f1xx_hal_flash.o
 .text.HAL_FLASH_Unlock
                0x0000000008000340       0x34 Drivers/STM32F1xx_HAL_Driver/Src/stm32f1xx_hal_flash.o
                0x0000000008000340                HAL_FLASH_Unlock
 .text.FLASH_WaitForLastOperation
                0x0000000008000374       0x6c Drivers/STM32F1xx_HAL_Driver/Src/stm32f1xx_hal_flash.o
                0x0000000008000374                FLASH_WaitForLastOperation
 .text.HAL_FLASH_Program
                0x00000000080003e0       0x9c Drivers/STM32F1xx_HAL_Driver/Src/stm32f1xx_hal_flash.o
                0x00000000080003e0                HAL_FLASH_Program
 .text.FLASH_MassErase
                0x000000000800047c       0x24 Drivers/STM32F1xx_HAL_Driver/Src/stm32f1xx_hal_flash_ex.o
 .text.FLASH_PageErase
                0x00000000080004a0       0x24 Drivers/STM32F1xx_HAL_Driver/Src/stm32f1xx_hal_flash_ex.o
                0x00000000080004a0                FLASH_PageErase
 .text.HAL_FLASHEx_Erase
                0x00000000080004c4       0xa4 Drivers/STM32F1xx_HAL_Driver/Src/stm32f1xx_hal_flash_ex.o
                0x00000000080004c4                HAL_FLASHEx_Erase
 .text.HAL_GPIO_Init
                0x0000000008000568      0x1d8 Drivers/STM32F1xx_HAL_Driver/Src/stm32f1xx_hal_gpio.o
                0x0000000008000568                HAL_GPIO_Init
 .text.HAL_GPIO_DeInit
                0x0000000008000740       0xf8 Drivers/STM32F1xx_HAL_Driver/Src/stm32f1xx_hal_gpio.o
                0x0000000008000740                HAL_GPIO_DeInit
 .text.HAL_GPIO_ReadPin
                0x0000000008000838        0xe Drivers/STM32F1xx_HAL_Driver/Src/stm32f1xx_hal_gpio.o
                0x0000000008000838                HAL_GPIO_ReadPin
 .text.HAL_PCD_Init
                0x0000000008000846       0xf4 Drivers/STM32F1xx_HAL_Driver/Src/stm32f1xx_hal_pcd.o
                0x0000000008000846                HAL_PCD_Init
 .text.HAL_PCD_Start
                0x000000000800093a       0x2e Drivers/STM32F1xx_HAL_Driver/Src/stm32f1xx_hal_pcd.o
                0x000000000800093a                HAL_PCD_Start
 .text.HAL_PCD_SetAddress
                0x0000000008000968       0x28 Drivers/STM32F1xx_HAL_Driver/Src/stm32f1xx_hal_pcd.o
                0x0000000008000968                HAL_PCD_SetAddress
 .text.HAL_PCD_EP_Open
                0x0000000008000990       0x70 Drivers/STM32F1xx_HAL_Driver/Src/stm32f1xx_hal_pcd.o
                0x0000000008000990                HAL_PCD_EP_Open
 .text.HAL_PCD_EP_Close
                0x0000000008000a00       0x5c Drivers/STM32F1xx_HAL_Driver/Src/stm32f1xx_hal_pcd.o
                0x0000000008000a00                HAL_PCD_EP_Close
 .text.HAL_PCD_EP_Receive
                0x0000000008000a5c       0x3e Drivers/STM32F1xx_HAL_Driver/Src/stm32f1xx_hal_pcd.o
                0x0000000008000a5c                HAL_PCD_EP_Receive
 .text.HAL_PCD_EP_GetRxCount
                0x0000000008000a9a        0xe Drivers/STM32F1xx_HAL_Driver/Src/stm32f1xx_hal_pcd.o
                0x0000000008000a9a                HAL_PCD_EP_GetRxCount
 .text.HAL_PCD_EP_Transmit
                0x0000000008000aa8       0x3c Drivers/STM32F1xx_HAL_Driver/Src/stm32f1xx_hal_pcd.o
                0x0000000008000aa8                HAL_PCD_EP_Transmit
 .text.PCD_EP_ISR_Handler
                0x0000000008000ae4      0x370 Drivers/STM32F1xx_HAL_Driver/Src/stm32f1xx_hal_pcd.o
 .text.HAL_PCD_IRQHandler
                0x0000000008000e54      0x172 Drivers/STM32F1xx_HAL_Driver/Src/stm32f1xx_hal_pcd.o
                0x0000000008000e54                HAL_PCD_IRQHandler
 .text.HAL_PCD_EP_SetStall
                0x0000000008000fc6       0x6e Drivers/STM32F1xx_HAL_Driver/Src/stm32f1xx_hal_pcd.o
                0x0000000008000fc6                HAL_PCD_EP_SetStall
 .text.HAL_PCD_EP_ClrStall
                0x0000000008001034       0x6e Drivers/STM32F1xx_HAL_Driver/Src/stm32f1xx_hal_pcd.o
                0x0000000008001034                HAL_PCD_EP_ClrStall
 .text.HAL_PCD_EP_Flush
                0x00000000080010a2       0x36 Drivers/STM32F1xx_HAL_Driver/Src/stm32f1xx_hal_pcd.o
                0x00000000080010a2                HAL_PCD_EP_Flush
 .text.HAL_PCDEx_PMAConfig
                0x00000000080010d8       0x30 Drivers/STM32F1xx_HAL_Driver/Src/stm32f1xx_hal_pcd_ex.o
                0x00000000080010d8                HAL_PCDEx_PMAConfig
 .text.RCC_Delay
                0x0000000008001108       0x2c Drivers/STM32F1xx_HAL_Driver/Src/stm32f1xx_hal_rcc.o
 .text.HAL_RCC_OscConfig
                0x0000000008001134      0x410 Drivers/STM32F1xx_HAL_Driver/Src/stm32f1xx_hal_rcc.o
                0x0000000008001134                HAL_RCC_OscConfig
 .text.HAL_RCC_GetSysClockFreq
                0x0000000008001544       0x70 Drivers/STM32F1xx_HAL_Driver/Src/stm32f1xx_hal_rcc.o
                0x0000000008001544                HAL_RCC_GetSysClockFreq
 .text.HAL_RCC_ClockConfig
                0x00000000080015b4      0x168 Drivers/STM32F1xx_HAL_Driver/Src/stm32f1xx_hal_rcc.o
                0x00000000080015b4                HAL_RCC_ClockConfig
 .text.HAL_RCCEx_PeriphCLKConfig
                0x000000000800171c      0x114 Drivers/STM32F1xx_HAL_Driver/Src/stm32f1xx_hal_rcc_ex.o
                0x000000000800171c                HAL_RCCEx_PeriphCLKConfig
 .text.USB_CoreInit
                0x0000000008001830        0xe Drivers/STM32F1xx_HAL_Driver/Src/stm32f1xx_ll_usb.o
                0x0000000008001830                USB_CoreInit
 .text.USB_EnableGlobalInt
                0x000000000800183e       0x10 Drivers/STM32F1xx_HAL_Driver/Src/stm32f1xx_ll_usb.o
                0x000000000800183e                USB_EnableGlobalInt
 .text.USB_DisableGlobalInt
                0x000000000800184e       0x14 Drivers/STM32F1xx_HAL_Driver/Src/stm32f1xx_ll_usb.o
                0x000000000800184e                USB_DisableGlobalInt
 .text.USB_SetCurrentMode
                0x0000000008001862        0x4 Drivers/STM32F1xx_HAL_Driver/Src/stm32f1xx_ll_usb.o
                0x0000000008001862                USB_SetCurrentMode
 .text.USB_DevInit
                0x0000000008001866       0x2c Drivers/STM32F1xx_HAL_Driver/Src/stm32f1xx_ll_usb.o
                0x0000000008001866                USB_DevInit
 .text.USB_FlushTxFifo
                0x0000000008001892        0x4 Drivers/STM32F1xx_HAL_Driver/Src/stm32f1xx_ll_usb.o
                0x0000000008001892                USB_FlushTxFifo
 .text.USB_FlushRxFifo
                0x0000000008001896        0x4 Drivers/STM32F1xx_HAL_Driver/Src/stm32f1xx_ll_usb.o
                0x0000000008001896                USB_FlushRxFifo
 .text.USB_ActivateEndpoint
                0x000000000800189a      0x368 Drivers/STM32F1xx_HAL_Driver/Src/stm32f1xx_ll_usb.o
                0x000000000800189a                USB_ActivateEndpoint
 .text.USB_DeactivateEndpoint
                0x0000000008001c02      0x1d4 Drivers/STM32F1xx_HAL_Driver/Src/stm32f1xx_ll_usb.o
                0x0000000008001c02                USB_DeactivateEndpoint
 .text.USB_EPSetStall
                0x0000000008001dd6       0x4a Drivers/STM32F1xx_HAL_Driver/Src/stm32f1xx_ll_usb.o
                0x0000000008001dd6                USB_EPSetStall
 .text.USB_EPClearStall
                0x0000000008001e20       0xa2 Drivers/STM32F1xx_HAL_Driver/Src/stm32f1xx_ll_usb.o
                0x0000000008001e20                USB_EPClearStall
 .text.USB_SetDevAddress
                0x0000000008001ec2        0xc Drivers/STM32F1xx_HAL_Driver/Src/stm32f1xx_ll_usb.o
                0x0000000008001ec2                USB_SetDevAddress
 .text.USB_DevConnect
                0x0000000008001ece        0x4 Drivers/STM32F1xx_HAL_Driver/Src/stm32f1xx_ll_usb.o
                0x0000000008001ece                USB_DevConnect
 .text.USB_DevDisconnect
                0x0000000008001ed2        0x4 Drivers/STM32F1xx_HAL_Driver/Src/stm32f1xx_ll_usb.o
                0x0000000008001ed2                USB_DevDisconnect
 .text.USB_ReadInterrupts
                0x0000000008001ed6        0x6 Drivers/STM32F1xx_HAL_Driver/Src/stm32f1xx_ll_usb.o
                0x0000000008001ed6                USB_ReadInterrupts
 .text.USB_EP0_OutStart
                0x0000000008001edc        0x4 Drivers/STM32F1xx_HAL_Driver/Src/stm32f1xx_ll_usb.o
                0x0000000008001edc                USB_EP0_OutStart
 .text.USB_WritePMA
                0x0000000008001ee0       0x2a Drivers/STM32F1xx_HAL_Driver/Src/stm32f1xx_ll_usb.o
                0x0000000008001ee0                USB_WritePMA
 .text.USB_EPStartXfer
                0x0000000008001f0a      0x320 Drivers/STM32F1xx_HAL_Driver/Src/stm32f1xx_ll_usb.o
                0x0000000008001f0a                USB_EPStartXfer
 .text.USB_ReadPMA
                0x000000000800222a       0x30 Drivers/STM32F1xx_HAL_Driver/Src/stm32f1xx_ll_usb.o
                0x000000000800222a                USB_ReadPMA
 *fill*         0x000000000800225a        0x2 
 .text.USBD_MSC_GetHSCfgDesc
                0x000000000800225c        0xc Middlewares/ST/STM32_USB_Device_Library/Class/MSC/Src/usbd_msc.o
                0x000000000800225c                USBD_MSC_GetHSCfgDesc
 .text.USBD_MSC_GetFSCfgDesc
                0x0000000008002268        0xc Middlewares/ST/STM32_USB_Device_Library/Class/MSC/Src/usbd_msc.o
                0x0000000008002268                USBD_MSC_GetFSCfgDesc
 .text.USBD_MSC_GetOtherSpeedCfgDesc
                0x0000000008002274        0xc Middlewares/ST/STM32_USB_Device_Library/Class/MSC/Src/usbd_msc.o
                0x0000000008002274                USBD_MSC_GetOtherSpeedCfgDesc
 .text.USBD_MSC_GetDeviceQualifierDescriptor
                0x0000000008002280        0xc Middlewares/ST/STM32_USB_Device_Library/Class/MSC/Src/usbd_msc.o
                0x0000000008002280                USBD_MSC_GetDeviceQualifierDescriptor
 .text.USBD_MSC_Init
                0x000000000800228c       0x66 Middlewares/ST/STM32_USB_Device_Library/Class/MSC/Src/usbd_msc.o
                0x000000000800228c                USBD_MSC_Init
 .text.USBD_MSC_DeInit
                0x00000000080022f2       0x32 Middlewares/ST/STM32_USB_Device_Library/Class/MSC/Src/usbd_msc.o
                0x00000000080022f2                USBD_MSC_DeInit
 .text.USBD_MSC_Setup
                0x0000000008002324      0x192 Middlewares/ST/STM32_USB_Device_Library/Class/MSC/Src/usbd_msc.o
                0x0000000008002324                USBD_MSC_Setup
 .text.USBD_MSC_DataIn
                0x00000000080024b6        0xa Middlewares/ST/STM32_USB_Device_Library/Class/MSC/Src/usbd_msc.o
                0x00000000080024b6                USBD_MSC_DataIn
 .text.USBD_MSC_DataOut
                0x00000000080024c0        0xa Middlewares/ST/STM32_USB_Device_Library/Class/MSC/Src/usbd_msc.o
                0x00000000080024c0                USBD_MSC_DataOut
 .text.USBD_MSC_RegisterStorage
                0x00000000080024ca        0xa Middlewares/ST/STM32_USB_Device_Library/Class/MSC/Src/usbd_msc.o
                0x00000000080024ca                USBD_MSC_RegisterStorage
 .text.MSC_BOT_SendData
                0x00000000080024d4       0x32 Middlewares/ST/STM32_USB_Device_Library/Class/MSC/Src/usbd_msc_bot.o
 .text.MSC_BOT_Abort
                0x0000000008002506       0x40 Middlewares/ST/STM32_USB_Device_Library/Class/MSC/Src/usbd_msc_bot.o
 .text.MSC_BOT_Init
                0x0000000008002546       0x3e Middlewares/ST/STM32_USB_Device_Library/Class/MSC/Src/usbd_msc_bot.o
                0x0000000008002546                MSC_BOT_Init
 .text.MSC_BOT_Reset
                0x0000000008002584       0x1a Middlewares/ST/STM32_USB_Device_Library/Class/MSC/Src/usbd_msc_bot.o
                0x0000000008002584                MSC_BOT_Reset
 .text.MSC_BOT_DeInit
                0x000000000800259e        0xa Middlewares/ST/STM32_USB_Device_Library/Class/MSC/Src/usbd_msc_bot.o
                0x000000000800259e                MSC_BOT_DeInit
 .text.MSC_BOT_SendCSW
                0x00000000080025a8       0x38 Middlewares/ST/STM32_USB_Device_Library/Class/MSC/Src/usbd_msc_bot.o
                0x00000000080025a8                MSC_BOT_SendCSW
 .text.MSC_BOT_DataIn
                0x00000000080025e0       0x36 Middlewares/ST/STM32_USB_Device_Library/Class/MSC/Src/usbd_msc_bot.o
                0x00000000080025e0                MSC_BOT_DataIn
 *fill*         0x0000000008002616        0x2 
 .text.MSC_BOT_CBW_Decode
                0x0000000008002618       0xa8 Middlewares/ST/STM32_USB_Device_Library/Class/MSC/Src/usbd_msc_bot.o
 .text.MSC_BOT_DataOut
                0x00000000080026c0       0x32 Middlewares/ST/STM32_USB_Device_Library/Class/MSC/Src/usbd_msc_bot.o
                0x00000000080026c0                MSC_BOT_DataOut
 .text.MSC_BOT_CplClrFeature
                0x00000000080026f2       0x2c Middlewares/ST/STM32_USB_Device_Library/Class/MSC/Src/usbd_msc_bot.o
                0x00000000080026f2                MSC_BOT_CplClrFeature
 *fill*         0x000000000800271e        0x2 
 .text.SCSI_Inquiry
                0x0000000008002720       0x5c Middlewares/ST/STM32_USB_Device_Library/Class/MSC/Src/usbd_msc_scsi.o
 .text.SCSI_ModeSense6
                0x000000000800277c       0x24 Middlewares/ST/STM32_USB_Device_Library/Class/MSC/Src/usbd_msc_scsi.o
 .text.SCSI_ModeSense10
                0x00000000080027a0       0x24 Middlewares/ST/STM32_USB_Device_Library/Class/MSC/Src/usbd_msc_scsi.o
 .text.SCSI_RequestSense
                0x00000000080027c4       0x66 Middlewares/ST/STM32_USB_Device_Library/Class/MSC/Src/usbd_msc_scsi.o
 .text.SCSI_StartStopUnit
                0x000000000800282a        0xa Middlewares/ST/STM32_USB_Device_Library/Class/MSC/Src/usbd_msc_scsi.o
 .text.SCSI_SenseCode
                0x0000000008002834       0x2a Middlewares/ST/STM32_USB_Device_Library/Class/MSC/Src/usbd_msc_scsi.o
                0x0000000008002834                SCSI_SenseCode
 .text.SCSI_TestUnitReady
                0x000000000800285e       0x4e Middlewares/ST/STM32_USB_Device_Library/Class/MSC/Src/usbd_msc_scsi.o
 .text.SCSI_ReadFormatCapacity
                0x00000000080028ac       0x7c Middlewares/ST/STM32_USB_Device_Library/Class/MSC/Src/usbd_msc_scsi.o
 .text.SCSI_ReadCapacity10
                0x0000000008002928       0x64 Middlewares/ST/STM32_USB_Device_Library/Class/MSC/Src/usbd_msc_scsi.o
 .text.SCSI_CheckAddressRange
                0x000000000800298c       0x22 Middlewares/ST/STM32_USB_Device_Library/Class/MSC/Src/usbd_msc_scsi.o
 .text.SCSI_ProcessRead
                0x00000000080029ae       0x94 Middlewares/ST/STM32_USB_Device_Library/Class/MSC/Src/usbd_msc_scsi.o
 .text.SCSI_Read10
                0x0000000008002a42       0xba Middlewares/ST/STM32_USB_Device_Library/Class/MSC/Src/usbd_msc_scsi.o
 .text.SCSI_ProcessWrite
                0x0000000008002afc       0xa8 Middlewares/ST/STM32_USB_Device_Library/Class/MSC/Src/usbd_msc_scsi.o
 .text.SCSI_Write10
                0x0000000008002ba4       0xf6 Middlewares/ST/STM32_USB_Device_Library/Class/MSC/Src/usbd_msc_scsi.o
 .text.SCSI_Verify10
                0x0000000008002c9a       0x38 Middlewares/ST/STM32_USB_Device_Library/Class/MSC/Src/usbd_msc_scsi.o
 .text.SCSI_ProcessCmd
                0x0000000008002cd2       0xd6 Middlewares/ST/STM32_USB_Device_Library/Class/MSC/Src/usbd_msc_scsi.o
                0x0000000008002cd2                SCSI_ProcessCmd
 .text.USBD_Init
                0x0000000008002da8       0x2e Middlewares/ST/STM32_USB_Device_Library/Core/Src/usbd_core.o
                0x0000000008002da8                USBD_Init
 .text.USBD_RegisterClass
                0x0000000008002dd6        0xe Middlewares/ST/STM32_USB_Device_Library/Core/Src/usbd_core.o
                0x0000000008002dd6                USBD_RegisterClass
 .text.USBD_Start
                0x0000000008002de4        0xa Middlewares/ST/STM32_USB_Device_Library/Core/Src/usbd_core.o
                0x0000000008002de4                USBD_Start
 .text.USBD_SetClassConfig
                0x0000000008002dee       0x1a Middlewares/ST/STM32_USB_Device_Library/Core/Src/usbd_core.o
                0x0000000008002dee                USBD_SetClassConfig
 .text.USBD_ClrClassConfig
                0x0000000008002e08        0xe Middlewares/ST/STM32_USB_Device_Library/Core/Src/usbd_core.o
                0x0000000008002e08                USBD_ClrClassConfig
 .text.USBD_LL_SetupStage
                0x0000000008002e16       0x5a Middlewares/ST/STM32_USB_Device_Library/Core/Src/usbd_core.o
                0x0000000008002e16                USBD_LL_SetupStage
 .text.USBD_LL_DataOutStage
                0x0000000008002e70       0x92 Middlewares/ST/STM32_USB_Device_Library/Core/Src/usbd_core.o
                0x0000000008002e70                USBD_LL_DataOutStage
 .text.USBD_LL_DataInStage
                0x0000000008002f02       0xd2 Middlewares/ST/STM32_USB_Device_Library/Core/Src/usbd_core.o
                0x0000000008002f02                USBD_LL_DataInStage
 .text.USBD_LL_Reset
                0x0000000008002fd4       0x50 Middlewares/ST/STM32_USB_Device_Library/Core/Src/usbd_core.o
                0x0000000008002fd4                USBD_LL_Reset
 .text.USBD_LL_SetSpeed
                0x0000000008003024        0x6 Middlewares/ST/STM32_USB_Device_Library/Core/Src/usbd_core.o
                0x0000000008003024                USBD_LL_SetSpeed
 .text.USBD_LL_Suspend
                0x000000000800302a       0x12 Middlewares/ST/STM32_USB_Device_Library/Core/Src/usbd_core.o
                0x000000000800302a                USBD_LL_Suspend
 .text.USBD_LL_Resume
                0x000000000800303c       0x16 Middlewares/ST/STM32_USB_Device_Library/Core/Src/usbd_core.o
                0x000000000800303c                USBD_LL_Resume
 .text.USBD_LL_SOF
                0x0000000008003052       0x1c Middlewares/ST/STM32_USB_Device_Library/Core/Src/usbd_core.o
                0x0000000008003052                USBD_LL_SOF
 .text.USBD_GetLen
                0x000000000800306e       0x14 Middlewares/ST/STM32_USB_Device_Library/Core/Src/usbd_ctlreq.o
 .text.USBD_SetFeature
                0x0000000008003082       0x14 Middlewares/ST/STM32_USB_Device_Library/Core/Src/usbd_ctlreq.o
 .text.USBD_ParseSetupRequest
                0x0000000008003096       0x28 Middlewares/ST/STM32_USB_Device_Library/Core/Src/usbd_ctlreq.o
                0x0000000008003096                USBD_ParseSetupRequest
 .text.USBD_CtlError
                0x00000000080030be       0x14 Middlewares/ST/STM32_USB_Device_Library/Core/Src/usbd_ctlreq.o
                0x00000000080030be                USBD_CtlError
 .text.USBD_GetDescriptor
                0x00000000080030d2      0x186 Middlewares/ST/STM32_USB_Device_Library/Core/Src/usbd_ctlreq.o
 .text.USBD_SetAddress
                0x0000000008003258       0x4e Middlewares/ST/STM32_USB_Device_Library/Core/Src/usbd_ctlreq.o
 *fill*         0x00000000080032a6        0x2 
 .text.USBD_SetConfig
                0x00000000080032a8       0xb0 Middlewares/ST/STM32_USB_Device_Library/Core/Src/usbd_ctlreq.o
 .text.USBD_GetConfig
                0x0000000008003358       0x3c Middlewares/ST/STM32_USB_Device_Library/Core/Src/usbd_ctlreq.o
 .text.USBD_GetStatus
                0x0000000008003394       0x38 Middlewares/ST/STM32_USB_Device_Library/Core/Src/usbd_ctlreq.o
 .text.USBD_ClrFeature
                0x00000000080033cc       0x26 Middlewares/ST/STM32_USB_Device_Library/Core/Src/usbd_ctlreq.o
 .text.USBD_StdDevReq
                0x00000000080033f2       0x68 Middlewares/ST/STM32_USB_Device_Library/Core/Src/usbd_ctlreq.o
                0x00000000080033f2                USBD_StdDevReq
 .text.USBD_StdItfReq
                0x000000000800345a       0x60 Middlewares/ST/STM32_USB_Device_Library/Core/Src/usbd_ctlreq.o
                0x000000000800345a                USBD_StdItfReq
 .text.USBD_StdEPReq
                0x00000000080034ba      0x20e Middlewares/ST/STM32_USB_Device_Library/Core/Src/usbd_ctlreq.o
                0x00000000080034ba                USBD_StdEPReq
 .text.USBD_GetString
                0x00000000080036c8       0x38 Middlewares/ST/STM32_USB_Device_Library/Core/Src/usbd_ctlreq.o
                0x00000000080036c8                USBD_GetString
 .text.USBD_CtlSendData
                0x0000000008003700       0x1a Middlewares/ST/STM32_USB_Device_Library/Core/Src/usbd_ioreq.o
                0x0000000008003700                USBD_CtlSendData
 .text.USBD_CtlContinueSendData
                0x000000000800371a       0x10 Middlewares/ST/STM32_USB_Device_Library/Core/Src/usbd_ioreq.o
                0x000000000800371a                USBD_CtlContinueSendData
 .text.USBD_CtlContinueRx
                0x000000000800372a       0x10 Middlewares/ST/STM32_USB_Device_Library/Core/Src/usbd_ioreq.o
                0x000000000800372a                USBD_CtlContinueRx
 .text.USBD_CtlSendStatus
                0x000000000800373a       0x16 Middlewares/ST/STM32_USB_Device_Library/Core/Src/usbd_ioreq.o
                0x000000000800373a                USBD_CtlSendStatus
 .text.USBD_CtlReceiveStatus
                0x0000000008003750       0x16 Middlewares/ST/STM32_USB_Device_Library/Core/Src/usbd_ioreq.o
                0x0000000008003750                USBD_CtlReceiveStatus
 *fill*         0x0000000008003766        0x2 
 .text.MX_GPIO_Init
                0x0000000008003768       0x50 Src/main.o
 .text.GoToUserApp
                0x00000000080037b8       0x20 Src/main.o
                0x00000000080037b8                GoToUserApp
 .text.SystemClock_Config
                0x00000000080037d8       0x6a Src/main.o
                0x00000000080037d8                SystemClock_Config
 *fill*         0x0000000008003842        0x2 
 .text.main     0x0000000008003844       0x34 Src/main.o
                0x0000000008003844                main
 .text.Error_Handler
                0x0000000008003878        0x2 Src/main.o
                0x0000000008003878                Error_Handler
 *fill*         0x000000000800387a        0x2 
 .text.HAL_MspInit
                0x000000000800387c       0x44 Src/stm32f1xx_hal_msp.o
                0x000000000800387c                HAL_MspInit
 .text.NMI_Handler
                0x00000000080038c0        0x2 Src/stm32f1xx_it.o
                0x00000000080038c0                NMI_Handler
 .text.HardFault_Handler
                0x00000000080038c2        0x2 Src/stm32f1xx_it.o
                0x00000000080038c2                HardFault_Handler
 .text.MemManage_Handler
                0x00000000080038c4        0x2 Src/stm32f1xx_it.o
                0x00000000080038c4                MemManage_Handler
 .text.BusFault_Handler
                0x00000000080038c6        0x2 Src/stm32f1xx_it.o
                0x00000000080038c6                BusFault_Handler
 .text.UsageFault_Handler
                0x00000000080038c8        0x2 Src/stm32f1xx_it.o
                0x00000000080038c8                UsageFault_Handler
 .text.SVC_Handler
                0x00000000080038ca        0x2 Src/stm32f1xx_it.o
                0x00000000080038ca                SVC_Handler
 .text.DebugMon_Handler
                0x00000000080038cc        0x2 Src/stm32f1xx_it.o
                0x00000000080038cc                DebugMon_Handler
 .text.PendSV_Handler
                0x00000000080038ce        0x2 Src/stm32f1xx_it.o
                0x00000000080038ce                PendSV_Handler
 .text.SysTick_Handler
                0x00000000080038d0        0x8 Src/stm32f1xx_it.o
                0x00000000080038d0                SysTick_Handler
 .text.USB_LP_CAN1_RX0_IRQHandler
                0x00000000080038d8       0x10 Src/stm32f1xx_it.o
                0x00000000080038d8                USB_LP_CAN1_RX0_IRQHandler
 .text.SystemInit
                0x00000000080038e8       0x4c Src/system_stm32f1xx.o
                0x00000000080038e8                SystemInit
 .text.MX_USB_DEVICE_Init
                0x0000000008003934       0x54 Src/usb_device.o
                0x0000000008003934                MX_USB_DEVICE_Init
 .text.USBD_Get_USB_Status
                0x0000000008003988       0x12 Src/usbd_conf.o
 *fill*         0x000000000800399a        0x2 
 .text.HAL_PCD_MspInit
                0x000000000800399c       0x40 Src/usbd_conf.o
                0x000000000800399c                HAL_PCD_MspInit
 .text.HAL_PCD_SetupStageCallback
                0x00000000080039dc       0x10 Src/usbd_conf.o
                0x00000000080039dc                HAL_PCD_SetupStageCallback
 .text.HAL_PCD_DataOutStageCallback
                0x00000000080039ec       0x14 Src/usbd_conf.o
                0x00000000080039ec                HAL_PCD_DataOutStageCallback
 .text.HAL_PCD_DataInStageCallback
                0x0000000008003a00       0x12 Src/usbd_conf.o
                0x0000000008003a00                HAL_PCD_DataInStageCallback
 .text.HAL_PCD_SOFCallback
                0x0000000008003a12        0xc Src/usbd_conf.o
                0x0000000008003a12                HAL_PCD_SOFCallback
 .text.HAL_PCD_ResetCallback
                0x0000000008003a1e       0x22 Src/usbd_conf.o
                0x0000000008003a1e                HAL_PCD_ResetCallback
 .text.HAL_PCD_SuspendCallback
                0x0000000008003a40       0x20 Src/usbd_conf.o
                0x0000000008003a40                HAL_PCD_SuspendCallback
 .text.HAL_PCD_ResumeCallback
                0x0000000008003a60        0xc Src/usbd_conf.o
                0x0000000008003a60                HAL_PCD_ResumeCallback
 .text.USBD_LL_Init
                0x0000000008003a6c       0x74 Src/usbd_conf.o
                0x0000000008003a6c                USBD_LL_Init
 .text.USBD_LL_Start
                0x0000000008003ae0       0x10 Src/usbd_conf.o
                0x0000000008003ae0                USBD_LL_Start
 .text.USBD_LL_OpenEP
                0x0000000008003af0       0x16 Src/usbd_conf.o
                0x0000000008003af0                USBD_LL_OpenEP
 .text.USBD_LL_CloseEP
                0x0000000008003b06       0x10 Src/usbd_conf.o
                0x0000000008003b06                USBD_LL_CloseEP
 .text.USBD_LL_FlushEP
                0x0000000008003b16       0x10 Src/usbd_conf.o
                0x0000000008003b16                USBD_LL_FlushEP
 .text.USBD_LL_StallEP
                0x0000000008003b26       0x10 Src/usbd_conf.o
                0x0000000008003b26                USBD_LL_StallEP
 .text.USBD_LL_ClearStallEP
                0x0000000008003b36       0x10 Src/usbd_conf.o
                0x0000000008003b36                USBD_LL_ClearStallEP
 .text.USBD_LL_IsStallEP
                0x0000000008003b46       0x26 Src/usbd_conf.o
                0x0000000008003b46                USBD_LL_IsStallEP
 .text.USBD_LL_SetUSBAddress
                0x0000000008003b6c       0x10 Src/usbd_conf.o
                0x0000000008003b6c                USBD_LL_SetUSBAddress
 .text.USBD_LL_Transmit
                0x0000000008003b7c       0x10 Src/usbd_conf.o
                0x0000000008003b7c                USBD_LL_Transmit
 .text.USBD_LL_PrepareReceive
                0x0000000008003b8c       0x10 Src/usbd_conf.o
                0x0000000008003b8c                USBD_LL_PrepareReceive
 .text.USBD_LL_GetRxDataSize
                0x0000000008003b9c        0xc Src/usbd_conf.o
                0x0000000008003b9c                USBD_LL_GetRxDataSize
 .text.USBD_static_malloc
                0x0000000008003ba8        0x8 Src/usbd_conf.o
                0x0000000008003ba8                USBD_static_malloc
 .text.USBD_static_free
                0x0000000008003bb0        0x2 Src/usbd_conf.o
                0x0000000008003bb0                USBD_static_free
 .text.HAL_PCDEx_SetConnectionState
                0x0000000008003bb2        0x2 Src/usbd_conf.o
                0x0000000008003bb2                HAL_PCDEx_SetConnectionState
 .text.USBD_FS_DeviceDescriptor
                0x0000000008003bb4        0xc Src/usbd_desc.o
                0x0000000008003bb4                USBD_FS_DeviceDescriptor
 .text.USBD_FS_LangIDStrDescriptor
                0x0000000008003bc0        0xc Src/usbd_desc.o
                0x0000000008003bc0                USBD_FS_LangIDStrDescriptor
 .text.IntToUnicode
                0x0000000008003bcc       0x36 Src/usbd_desc.o
 *fill*         0x0000000008003c02        0x2 
 .text.Get_SerialNum
                0x0000000008003c04       0x38 Src/usbd_desc.o
 .text.USBD_FS_SerialStrDescriptor
                0x0000000008003c3c       0x14 Src/usbd_desc.o
                0x0000000008003c3c                USBD_FS_SerialStrDescriptor
 .text.USBD_FS_ProductStrDescriptor
                0x0000000008003c50       0x24 Src/usbd_desc.o
                0x0000000008003c50                USBD_FS_ProductStrDescriptor
 .text.USBD_FS_ManufacturerStrDescriptor
                0x0000000008003c74       0x1c Src/usbd_desc.o
                0x0000000008003c74                USBD_FS_ManufacturerStrDescriptor
 .text.USBD_FS_ConfigStrDescriptor
                0x0000000008003c90       0x24 Src/usbd_desc.o
                0x0000000008003c90                USBD_FS_ConfigStrDescriptor
 .text.USBD_FS_InterfaceStrDescriptor
                0x0000000008003cb4       0x24 Src/usbd_desc.o
                0x0000000008003cb4                USBD_FS_InterfaceStrDescriptor
 .text.STORAGE_Init_FS
                0x0000000008003cd8        0x4 Src/usbd_storage_if.o
 .text.STORAGE_GetCapacity_FS
                0x0000000008003cdc       0x10 Src/usbd_storage_if.o
 .text.STORAGE_IsReady_FS
                0x0000000008003cec        0x4 Src/usbd_storage_if.o
 .text.STORAGE_IsWriteProtected_FS
                0x0000000008003cf0        0x4 Src/usbd_storage_if.o
 .text.STORAGE_Read_FS
                0x0000000008003cf4        0x4 Src/usbd_storage_if.o
 .text.STORAGE_GetMaxLun_FS
                0x0000000008003cf8        0x4 Src/usbd_storage_if.o
 .text.flashErase
                0x0000000008003cfc       0x34 Src/usbd_storage_if.o
                0x0000000008003cfc                flashErase
 .text.STORAGE_Write_FS
                0x0000000008003d30       0xa0 Src/usbd_storage_if.o
 .text.Reset_Handler
                0x0000000008003dd0       0x48 startup/startup_stm32f103xb.o
                0x0000000008003dd0                Reset_Handler
 .text.Default_Handler
                0x0000000008003e18        0x2 startup/startup_stm32f103xb.o
                0x0000000008003e18                RTC_Alarm_IRQHandler
                0x0000000008003e18                EXTI2_IRQHandler
                0x0000000008003e18                TIM1_CC_IRQHandler
                0x0000000008003e18                PVD_IRQHandler
                0x0000000008003e18                EXTI3_IRQHandler
                0x0000000008003e18                EXTI0_IRQHandler
                0x0000000008003e18                I2C2_EV_IRQHandler
                0x0000000008003e18                ADC1_2_IRQHandler
                0x0000000008003e18                SPI1_IRQHandler
                0x0000000008003e18                TAMPER_IRQHandler
                0x0000000008003e18                DMA1_Channel4_IRQHandler
                0x0000000008003e18                USART3_IRQHandler
                0x0000000008003e18                RTC_IRQHandler
                0x0000000008003e18                DMA1_Channel7_IRQHandler
                0x0000000008003e18                CAN1_RX1_IRQHandler
                0x0000000008003e18                TIM4_IRQHandler
                0x0000000008003e18                I2C1_EV_IRQHandler
                0x0000000008003e18                DMA1_Channel6_IRQHandler
                0x0000000008003e18                TIM3_IRQHandler
                0x0000000008003e18                RCC_IRQHandler
                0x0000000008003e18                TIM1_TRG_COM_IRQHandler
                0x0000000008003e18                DMA1_Channel1_IRQHandler
                0x0000000008003e18                Default_Handler
                0x0000000008003e18                EXTI15_10_IRQHandler
                0x0000000008003e18                EXTI9_5_IRQHandler
                0x0000000008003e18                SPI2_IRQHandler
                0x0000000008003e18                DMA1_Channel5_IRQHandler
                0x0000000008003e18                EXTI4_IRQHandler
                0x0000000008003e18                USB_HP_CAN1_TX_IRQHandler
                0x0000000008003e18                DMA1_Channel3_IRQHandler
                0x0000000008003e18                TIM1_UP_IRQHandler
                0x0000000008003e18                WWDG_IRQHandler
                0x0000000008003e18                TIM2_IRQHandler
                0x0000000008003e18                TIM1_BRK_IRQHandler
                0x0000000008003e18                EXTI1_IRQHandler
                0x0000000008003e18                USART2_IRQHandler
                0x0000000008003e18                I2C2_ER_IRQHandler
                0x0000000008003e18                DMA1_Channel2_IRQHandler
                0x0000000008003e18                CAN1_SCE_IRQHandler
                0x0000000008003e18                FLASH_IRQHandler
                0x0000000008003e18                USART1_IRQHandler
                0x0000000008003e18                I2C1_ER_IRQHandler
                0x0000000008003e18                USBWakeUp_IRQHandler
 *fill*         0x0000000008003e1a        0x2 
 .text.__libc_init_array
                0x0000000008003e1c       0x48 /home/evgeniy/Ac6/SystemWorkbench/plugins/fr.ac6.mcu.externaltools.arm-none.linux64_1.17.0.201812190825/tools/compiler/bin/../lib/gcc/arm-none-eabi/7.3.1/../../../../arm-none-eabi/lib/thumb/v7-m/libc_nano.a(lib_a-init.o)
                0x0000000008003e1c                __libc_init_array
 *(.glue_7)
 .glue_7        0x0000000008003e64        0x0 linker stubs
 *(.glue_7t)
 .glue_7t       0x0000000008003e64        0x0 linker stubs
 *(.eh_frame)
 .eh_frame      0x0000000008003e64        0x0 /home/evgeniy/Ac6/SystemWorkbench/plugins/fr.ac6.mcu.externaltools.arm-none.linux64_1.17.0.201812190825/tools/compiler/bin/../lib/gcc/arm-none-eabi/7.3.1/thumb/v7-m/crtbegin.o
 *(.init)
 .init          0x0000000008003e64        0x4 /home/evgeniy/Ac6/SystemWorkbench/plugins/fr.ac6.mcu.externaltools.arm-none.linux64_1.17.0.201812190825/tools/compiler/bin/../lib/gcc/arm-none-eabi/7.3.1/thumb/v7-m/crti.o
                0x0000000008003e64                _init
 .init          0x0000000008003e68        0x8 /home/evgeniy/Ac6/SystemWorkbench/plugins/fr.ac6.mcu.externaltools.arm-none.linux64_1.17.0.201812190825/tools/compiler/bin/../lib/gcc/arm-none-eabi/7.3.1/thumb/v7-m/crtn.o
 *(.fini)
 .fini          0x0000000008003e70        0x4 /home/evgeniy/Ac6/SystemWorkbench/plugins/fr.ac6.mcu.externaltools.arm-none.linux64_1.17.0.201812190825/tools/compiler/bin/../lib/gcc/arm-none-eabi/7.3.1/thumb/v7-m/crti.o
                0x0000000008003e70                _fini
 .fini          0x0000000008003e74        0x8 /home/evgeniy/Ac6/SystemWorkbench/plugins/fr.ac6.mcu.externaltools.arm-none.linux64_1.17.0.201812190825/tools/compiler/bin/../lib/gcc/arm-none-eabi/7.3.1/thumb/v7-m/crtn.o
                0x0000000008003e7c                . = ALIGN (0x4)
                0x0000000008003e7c                _etext = .

.vfp11_veneer   0x0000000008003e7c        0x0
 .vfp11_veneer  0x0000000008003e7c        0x0 linker stubs

.v4_bx          0x0000000008003e7c        0x0
 .v4_bx         0x0000000008003e7c        0x0 linker stubs

.iplt           0x0000000008003e7c        0x0
 .iplt          0x0000000008003e7c        0x0 /home/evgeniy/Ac6/SystemWorkbench/plugins/fr.ac6.mcu.externaltools.arm-none.linux64_1.17.0.201812190825/tools/compiler/bin/../lib/gcc/arm-none-eabi/7.3.1/thumb/v7-m/crtbegin.o

.rodata         0x0000000008003e7c       0xac
                0x0000000008003e7c                . = ALIGN (0x4)
 *(.rodata)
 .rodata        0x0000000008003e7c       0x12 Drivers/STM32F1xx_HAL_Driver/Src/stm32f1xx_hal_rcc.o
 *fill*         0x0000000008003e8e        0x2 
 .rodata        0x0000000008003e90       0x17 Middlewares/ST/STM32_USB_Device_Library/Class/MSC/Src/usbd_msc_data.o
                0x0000000008003e90                MSC_Mode_Sense10_data
                0x0000000008003e98                MSC_Mode_Sense6_data
                0x0000000008003ea0                MSC_Page00_Inquiry_Data
 *fill*         0x0000000008003ea7        0x1 
 .rodata        0x0000000008003ea8       0x18 Src/system_stm32f1xx.o
                0x0000000008003ea8                AHBPrescTable
                0x0000000008003eb8                APBPrescTable
 .rodata        0x0000000008003ec0       0x24 Src/usbd_storage_if.o
                0x0000000008003ec0                STORAGE_Inquirydata_FS
 *(.rodata*)
 .rodata.str1.4
                0x0000000008003ee4       0x44 Src/usbd_desc.o
                                         0x42 (size before relaxing)
                0x0000000008003f28                . = ALIGN (0x4)

.rel.dyn        0x0000000008003f28        0x0
 .rel.iplt      0x0000000008003f28        0x0 /home/evgeniy/Ac6/SystemWorkbench/plugins/fr.ac6.mcu.externaltools.arm-none.linux64_1.17.0.201812190825/tools/compiler/bin/../lib/gcc/arm-none-eabi/7.3.1/thumb/v7-m/crtbegin.o

.ARM.extab
 *(.ARM.extab* .gnu.linkonce.armextab.*)

.ARM            0x0000000008003f28        0x0
                0x0000000008003f28                __exidx_start = .
 *(.ARM.exidx*)
                0x0000000008003f28                __exidx_end = .

.preinit_array  0x0000000008003f28        0x0
                0x0000000008003f28                PROVIDE (__preinit_array_start = .)
 *(.preinit_array*)
                0x0000000008003f28                PROVIDE (__preinit_array_end = .)

.init_array     0x0000000008003f28        0x4
                0x0000000008003f28                PROVIDE (__init_array_start = .)
 *(SORT_BY_NAME(.init_array.*))
 *(.init_array*)
 .init_array    0x0000000008003f28        0x4 /home/evgeniy/Ac6/SystemWorkbench/plugins/fr.ac6.mcu.externaltools.arm-none.linux64_1.17.0.201812190825/tools/compiler/bin/../lib/gcc/arm-none-eabi/7.3.1/thumb/v7-m/crtbegin.o
                0x0000000008003f2c                PROVIDE (__init_array_end = .)

.fini_array     0x0000000008003f2c        0x4
                [!provide]                        PROVIDE (__fini_array_start = .)
 *(SORT_BY_NAME(.fini_array.*))
 *(.fini_array*)
 .fini_array    0x0000000008003f2c        0x4 /home/evgeniy/Ac6/SystemWorkbench/plugins/fr.ac6.mcu.externaltools.arm-none.linux64_1.17.0.201812190825/tools/compiler/bin/../lib/gcc/arm-none-eabi/7.3.1/thumb/v7-m/crtbegin.o
                [!provide]                        PROVIDE (__fini_array_end = .)
                0x0000000008003f30                _sidata = LOADADDR (.data)

.data           0x0000000020000000      0x120 load address 0x0000000008003f30
                0x0000000020000000                . = ALIGN (0x4)
                0x0000000020000000                _sdata = .
 *(.data)
 .data          0x0000000020000000        0x8 Drivers/STM32F1xx_HAL_Driver/Src/stm32f1xx_hal.o
                0x0000000020000000                uwTickFreq
                0x0000000020000004                uwTickPrio
 .data          0x0000000020000008       0xa4 Middlewares/ST/STM32_USB_Device_Library/Class/MSC/Src/usbd_msc.o
                0x0000000020000008                USBD_MSC_CfgHSDesc
                0x0000000020000028                USBD_MSC_CfgFSDesc
                0x0000000020000048                USBD_MSC_OtherSpeedCfgDesc
                0x0000000020000068                USBD_MSC_DeviceQualifierDesc
                0x0000000020000074                USBD_MSC
 .data          0x00000000200000ac        0x4 Src/system_stm32f1xx.o
                0x00000000200000ac                SystemCoreClock
 .data          0x00000000200000b0       0x50 Src/usbd_desc.o
                0x00000000200000b0                USBD_FS_DeviceDesc
                0x00000000200000c4                USBD_LangIDDesc
                0x00000000200000c8                USBD_StringSerial
                0x00000000200000e4                FS_Desc
 .data          0x0000000020000100       0x20 Src/usbd_storage_if.o
                0x0000000020000100                USBD_Storage_Interface_fops_FS
 *(.data*)
                0x0000000020000120                . = ALIGN (0x4)
                0x0000000020000120                _edata = .

.igot.plt       0x0000000020000120        0x0 load address 0x0000000008004050
 .igot.plt      0x0000000020000120        0x0 /home/evgeniy/Ac6/SystemWorkbench/plugins/fr.ac6.mcu.externaltools.arm-none.linux64_1.17.0.201812190825/tools/compiler/bin/../lib/gcc/arm-none-eabi/7.3.1/thumb/v7-m/crtbegin.o
                0x0000000020000120                . = ALIGN (0x4)

.bss            0x0000000020000120      0xa08 load address 0x0000000008004050
                0x0000000020000120                _sbss = .
                0x0000000020000120                __bss_start__ = _sbss
 *(.bss)
 .bss           0x0000000020000120       0x1c /home/evgeniy/Ac6/SystemWorkbench/plugins/fr.ac6.mcu.externaltools.arm-none.linux64_1.17.0.201812190825/tools/compiler/bin/../lib/gcc/arm-none-eabi/7.3.1/thumb/v7-m/crtbegin.o
 .bss           0x000000002000013c        0x1 Middlewares/ST/STM32_USB_Device_Library/Core/Src/usbd_ctlreq.o
 *fill*         0x000000002000013d        0x3 
 .bss           0x0000000020000140      0x270 Src/usbd_conf.o
 .bss           0x00000000200003b0       0x12 Src/usbd_storage_if.o
                0x00000000200003b0                PAGEError
                0x00000000200003b4                blockFlash
                0x00000000200003b8                block
                0x00000000200003b9                Wordcomplete
                0x00000000200003bc                wordBuff
                0x00000000200003c0                k
                0x00000000200003c1                l
 *(.bss*)
 *(COMMON)
 *fill*         0x00000000200003c2        0x2 
 COMMON         0x00000000200003c4        0x4 Drivers/STM32F1xx_HAL_Driver/Src/stm32f1xx_hal.o
                0x00000000200003c4                uwTick
 COMMON         0x00000000200003c8       0x20 Drivers/STM32F1xx_HAL_Driver/Src/stm32f1xx_hal_flash.o
                0x00000000200003c8                pFlash
 COMMON         0x00000000200003e8      0x2c4 Src/usb_device.o
                0x00000000200003e8                hUsbDeviceFS
 COMMON         0x00000000200006ac      0x26c Src/usbd_conf.o
                0x00000000200006ac                hpcd_USB_FS
 COMMON         0x0000000020000918      0x200 Src/usbd_desc.o
                0x0000000020000918                USBD_StrDesc
 COMMON         0x0000000020000b18       0x10 Src/usbd_storage_if.o
                0x0000000020000b18                EraseInitStruct
                0x0000000020000b28                . = ALIGN (0x4)
                0x0000000020000b28                _ebss = .
                0x0000000020000b28                __bss_end__ = _ebss

._user_heap_stack
                0x0000000020000b28      0xc00 load address 0x0000000008004050
                0x0000000020000b28                . = ALIGN (0x8)
                0x0000000020000b28                PROVIDE (end = .)
                [!provide]                        PROVIDE (_end = .)
                0x0000000020000f28                . = (. + _Min_Heap_Size)
 *fill*         0x0000000020000b28      0x400 
                0x0000000020001728                . = (. + _Min_Stack_Size)
 *fill*         0x0000000020000f28      0x800 
                0x0000000020001728                . = ALIGN (0x8)

/DISCARD/
 libc.a(*)
 libm.a(*)
 libgcc.a(*)

.ARM.attributes
                0x0000000000000000       0x29
 *(.ARM.attributes)
 .ARM.attributes
                0x0000000000000000       0x1d /home/evgeniy/Ac6/SystemWorkbench/plugins/fr.ac6.mcu.externaltools.arm-none.linux64_1.17.0.201812190825/tools/compiler/bin/../lib/gcc/arm-none-eabi/7.3.1/thumb/v7-m/crti.o
 .ARM.attributes
                0x000000000000001d       0x2d /home/evgeniy/Ac6/SystemWorkbench/plugins/fr.ac6.mcu.externaltools.arm-none.linux64_1.17.0.201812190825/tools/compiler/bin/../lib/gcc/arm-none-eabi/7.3.1/thumb/v7-m/crtbegin.o
 .ARM.attributes
                0x000000000000004a       0x33 Drivers/STM32F1xx_HAL_Driver/Src/stm32f1xx_hal.o
 .ARM.attributes
                0x000000000000007d       0x33 Drivers/STM32F1xx_HAL_Driver/Src/stm32f1xx_hal_cortex.o
 .ARM.attributes
                0x00000000000000b0       0x33 Drivers/STM32F1xx_HAL_Driver/Src/stm32f1xx_hal_flash.o
 .ARM.attributes
                0x00000000000000e3       0x33 Drivers/STM32F1xx_HAL_Driver/Src/stm32f1xx_hal_flash_ex.o
 .ARM.attributes
                0x0000000000000116       0x33 Drivers/STM32F1xx_HAL_Driver/Src/stm32f1xx_hal_gpio.o
 .ARM.attributes
                0x0000000000000149       0x33 Drivers/STM32F1xx_HAL_Driver/Src/stm32f1xx_hal_pcd.o
 .ARM.attributes
                0x000000000000017c       0x33 Drivers/STM32F1xx_HAL_Driver/Src/stm32f1xx_hal_pcd_ex.o
 .ARM.attributes
                0x00000000000001af       0x33 Drivers/STM32F1xx_HAL_Driver/Src/stm32f1xx_hal_rcc.o
 .ARM.attributes
                0x00000000000001e2       0x33 Drivers/STM32F1xx_HAL_Driver/Src/stm32f1xx_hal_rcc_ex.o
 .ARM.attributes
                0x0000000000000215       0x33 Drivers/STM32F1xx_HAL_Driver/Src/stm32f1xx_ll_usb.o
 .ARM.attributes
                0x0000000000000248       0x33 Middlewares/ST/STM32_USB_Device_Library/Class/MSC/Src/usbd_msc.o
 .ARM.attributes
                0x000000000000027b       0x33 Middlewares/ST/STM32_USB_Device_Library/Class/MSC/Src/usbd_msc_bot.o
 .ARM.attributes
                0x00000000000002ae       0x33 Middlewares/ST/STM32_USB_Device_Library/Class/MSC/Src/usbd_msc_data.o
 .ARM.attributes
                0x00000000000002e1       0x33 Middlewares/ST/STM32_USB_Device_Library/Class/MSC/Src/usbd_msc_scsi.o
 .ARM.attributes
                0x0000000000000314       0x33 Middlewares/ST/STM32_USB_Device_Library/Core/Src/usbd_core.o
 .ARM.attributes
                0x0000000000000347       0x33 Middlewares/ST/STM32_USB_Device_Library/Core/Src/usbd_ctlreq.o
 .ARM.attributes
                0x000000000000037a       0x33 Middlewares/ST/STM32_USB_Device_Library/Core/Src/usbd_ioreq.o
 .ARM.attributes
                0x00000000000003ad       0x33 Src/main.o
 .ARM.attributes
                0x00000000000003e0       0x33 Src/stm32f1xx_hal_msp.o
 .ARM.attributes
                0x0000000000000413       0x33 Src/stm32f1xx_it.o
 .ARM.attributes
                0x0000000000000446       0x33 Src/system_stm32f1xx.o
 .ARM.attributes
                0x0000000000000479       0x33 Src/usb_device.o
 .ARM.attributes
                0x00000000000004ac       0x33 Src/usbd_conf.o
 .ARM.attributes
                0x00000000000004df       0x33 Src/usbd_desc.o
 .ARM.attributes
                0x0000000000000512       0x33 Src/usbd_storage_if.o
 .ARM.attributes
                0x0000000000000545       0x21 startup/startup_stm32f103xb.o
 .ARM.attributes
                0x0000000000000566       0x2d /home/evgeniy/Ac6/SystemWorkbench/plugins/fr.ac6.mcu.externaltools.arm-none.linux64_1.17.0.201812190825/tools/compiler/bin/../lib/gcc/arm-none-eabi/7.3.1/../../../../arm-none-eabi/lib/thumb/v7-m/libc_nano.a(lib_a-init.o)
 .ARM.attributes
                0x0000000000000593       0x1d /home/evgeniy/Ac6/SystemWorkbench/plugins/fr.ac6.mcu.externaltools.arm-none.linux64_1.17.0.201812190825/tools/compiler/bin/../lib/gcc/arm-none-eabi/7.3.1/thumb/v7-m/crtn.o
OUTPUT(boot.elf elf32-littlearm)

.debug_info     0x0000000000000000    0x16dbe
 .debug_info    0x0000000000000000      0x7a9 Drivers/STM32F1xx_HAL_Driver/Src/stm32f1xx_hal.o
 .debug_info    0x00000000000007a9      0xcaa Drivers/STM32F1xx_HAL_Driver/Src/stm32f1xx_hal_cortex.o
 .debug_info    0x0000000000001453      0x6da Drivers/STM32F1xx_HAL_Driver/Src/stm32f1xx_hal_flash.o
 .debug_info    0x0000000000001b2d      0xacb Drivers/STM32F1xx_HAL_Driver/Src/stm32f1xx_hal_flash_ex.o
 .debug_info    0x00000000000025f8      0x690 Drivers/STM32F1xx_HAL_Driver/Src/stm32f1xx_hal_gpio.o
 .debug_info    0x0000000000002c88     0x12e7 Drivers/STM32F1xx_HAL_Driver/Src/stm32f1xx_hal_pcd.o
 .debug_info    0x0000000000003f6f      0x75f Drivers/STM32F1xx_HAL_Driver/Src/stm32f1xx_hal_pcd_ex.o
 .debug_info    0x00000000000046ce      0x9e4 Drivers/STM32F1xx_HAL_Driver/Src/stm32f1xx_hal_rcc.o
 .debug_info    0x00000000000050b2      0x48c Drivers/STM32F1xx_HAL_Driver/Src/stm32f1xx_hal_rcc_ex.o
 .debug_info    0x000000000000553e     0x15c5 Drivers/STM32F1xx_HAL_Driver/Src/stm32f1xx_ll_usb.o
 .debug_info    0x0000000000006b03     0x1766 Middlewares/ST/STM32_USB_Device_Library/Class/MSC/Src/usbd_msc.o
 .debug_info    0x0000000000008269     0x1667 Middlewares/ST/STM32_USB_Device_Library/Class/MSC/Src/usbd_msc_bot.o
 .debug_info    0x00000000000098d0      0x9de Middlewares/ST/STM32_USB_Device_Library/Class/MSC/Src/usbd_msc_data.o
 .debug_info    0x000000000000a2ae     0x1b7b Middlewares/ST/STM32_USB_Device_Library/Class/MSC/Src/usbd_msc_scsi.o
 .debug_info    0x000000000000be29     0x155d Middlewares/ST/STM32_USB_Device_Library/Core/Src/usbd_core.o
 .debug_info    0x000000000000d386     0x1882 Middlewares/ST/STM32_USB_Device_Library/Core/Src/usbd_ctlreq.o
 .debug_info    0x000000000000ec08     0x102d Middlewares/ST/STM32_USB_Device_Library/Core/Src/usbd_ioreq.o
 .debug_info    0x000000000000fc35     0x1086 Src/main.o
 .debug_info    0x0000000000010cbb      0x2ca Src/stm32f1xx_hal_msp.o
 .debug_info    0x0000000000010f85      0x6b5 Src/stm32f1xx_it.o
 .debug_info    0x000000000001163a      0x436 Src/system_stm32f1xx.o
 .debug_info    0x0000000000011a70      0xff4 Src/usb_device.o
 .debug_info    0x0000000000012a64     0x221a Src/usbd_conf.o
 .debug_info    0x0000000000014c7e      0xe57 Src/usbd_desc.o
 .debug_info    0x0000000000015ad5     0x12c7 Src/usbd_storage_if.o
 .debug_info    0x0000000000016d9c       0x22 startup/startup_stm32f103xb.o

.debug_abbrev   0x0000000000000000     0x3aeb
 .debug_abbrev  0x0000000000000000      0x1fe Drivers/STM32F1xx_HAL_Driver/Src/stm32f1xx_hal.o
 .debug_abbrev  0x00000000000001fe      0x303 Drivers/STM32F1xx_HAL_Driver/Src/stm32f1xx_hal_cortex.o
 .debug_abbrev  0x0000000000000501      0x242 Drivers/STM32F1xx_HAL_Driver/Src/stm32f1xx_hal_flash.o
 .debug_abbrev  0x0000000000000743      0x229 Drivers/STM32F1xx_HAL_Driver/Src/stm32f1xx_hal_flash_ex.o
 .debug_abbrev  0x000000000000096c      0x1de Drivers/STM32F1xx_HAL_Driver/Src/stm32f1xx_hal_gpio.o
 .debug_abbrev  0x0000000000000b4a      0x289 Drivers/STM32F1xx_HAL_Driver/Src/stm32f1xx_hal_pcd.o
 .debug_abbrev  0x0000000000000dd3      0x197 Drivers/STM32F1xx_HAL_Driver/Src/stm32f1xx_hal_pcd_ex.o
 .debug_abbrev  0x0000000000000f6a      0x257 Drivers/STM32F1xx_HAL_Driver/Src/stm32f1xx_hal_rcc.o
 .debug_abbrev  0x00000000000011c1      0x1c9 Drivers/STM32F1xx_HAL_Driver/Src/stm32f1xx_hal_rcc_ex.o
 .debug_abbrev  0x000000000000138a      0x23c Drivers/STM32F1xx_HAL_Driver/Src/stm32f1xx_ll_usb.o
 .debug_abbrev  0x00000000000015c6      0x2d7 Middlewares/ST/STM32_USB_Device_Library/Class/MSC/Src/usbd_msc.o
 .debug_abbrev  0x000000000000189d      0x31a Middlewares/ST/STM32_USB_Device_Library/Class/MSC/Src/usbd_msc_bot.o
 .debug_abbrev  0x0000000000001bb7      0x1c1 Middlewares/ST/STM32_USB_Device_Library/Class/MSC/Src/usbd_msc_data.o
 .debug_abbrev  0x0000000000001d78      0x36a Middlewares/ST/STM32_USB_Device_Library/Class/MSC/Src/usbd_msc_scsi.o
 .debug_abbrev  0x00000000000020e2      0x2ac Middlewares/ST/STM32_USB_Device_Library/Core/Src/usbd_core.o
 .debug_abbrev  0x000000000000238e      0x329 Middlewares/ST/STM32_USB_Device_Library/Core/Src/usbd_ctlreq.o
 .debug_abbrev  0x00000000000026b7      0x215 Middlewares/ST/STM32_USB_Device_Library/Core/Src/usbd_ioreq.o
 .debug_abbrev  0x00000000000028cc      0x312 Src/main.o
 .debug_abbrev  0x0000000000002bde      0x109 Src/stm32f1xx_hal_msp.o
 .debug_abbrev  0x0000000000002ce7      0x173 Src/stm32f1xx_it.o
 .debug_abbrev  0x0000000000002e5a      0x134 Src/system_stm32f1xx.o
 .debug_abbrev  0x0000000000002f8e      0x221 Src/usb_device.o
 .debug_abbrev  0x00000000000031af      0x33b Src/usbd_conf.o
 .debug_abbrev  0x00000000000034ea      0x2e5 Src/usbd_desc.o
 .debug_abbrev  0x00000000000037cf      0x30a Src/usbd_storage_if.o
 .debug_abbrev  0x0000000000003ad9       0x12 startup/startup_stm32f103xb.o

.debug_loc      0x0000000000000000     0x798a
 .debug_loc     0x0000000000000000      0x104 Drivers/STM32F1xx_HAL_Driver/Src/stm32f1xx_hal.o
 .debug_loc     0x0000000000000104      0x5ad Drivers/STM32F1xx_HAL_Driver/Src/stm32f1xx_hal_cortex.o
 .debug_loc     0x00000000000006b1      0x337 Drivers/STM32F1xx_HAL_Driver/Src/stm32f1xx_hal_flash.o
 .debug_loc     0x00000000000009e8      0x859 Drivers/STM32F1xx_HAL_Driver/Src/stm32f1xx_hal_flash_ex.o
 .debug_loc     0x0000000000001241      0x3b7 Drivers/STM32F1xx_HAL_Driver/Src/stm32f1xx_hal_gpio.o
 .debug_loc     0x00000000000015f8      0xaeb Drivers/STM32F1xx_HAL_Driver/Src/stm32f1xx_hal_pcd.o
 .debug_loc     0x00000000000020e3       0xdc Drivers/STM32F1xx_HAL_Driver/Src/stm32f1xx_hal_pcd_ex.o
 .debug_loc     0x00000000000021bf      0x4bb Drivers/STM32F1xx_HAL_Driver/Src/stm32f1xx_hal_rcc.o
 .debug_loc     0x000000000000267a      0x2d0 Drivers/STM32F1xx_HAL_Driver/Src/stm32f1xx_hal_rcc_ex.o
 .debug_loc     0x000000000000294a     0x10b2 Drivers/STM32F1xx_HAL_Driver/Src/stm32f1xx_ll_usb.o
 .debug_loc     0x00000000000039fc      0x50b Middlewares/ST/STM32_USB_Device_Library/Class/MSC/Src/usbd_msc.o
 .debug_loc     0x0000000000003f07      0x399 Middlewares/ST/STM32_USB_Device_Library/Class/MSC/Src/usbd_msc_bot.o
 .debug_loc     0x00000000000042a0      0xd64 Middlewares/ST/STM32_USB_Device_Library/Class/MSC/Src/usbd_msc_scsi.o
 .debug_loc     0x0000000000005004      0x6ed Middlewares/ST/STM32_USB_Device_Library/Core/Src/usbd_core.o
 .debug_loc     0x00000000000056f1     0x105b Middlewares/ST/STM32_USB_Device_Library/Core/Src/usbd_ctlreq.o
 .debug_loc     0x000000000000674c      0x23c Middlewares/ST/STM32_USB_Device_Library/Core/Src/usbd_ioreq.o
 .debug_loc     0x0000000000006988       0x26 Src/main.o
 .debug_loc     0x00000000000069ae       0xdf Src/system_stm32f1xx.o
 .debug_loc     0x0000000000006a8d      0x9e3 Src/usbd_conf.o
 .debug_loc     0x0000000000007470      0x30e Src/usbd_desc.o
 .debug_loc     0x000000000000777e      0x20c Src/usbd_storage_if.o

.debug_aranges  0x0000000000000000      0xc20
 .debug_aranges
                0x0000000000000000       0xe0 Drivers/STM32F1xx_HAL_Driver/Src/stm32f1xx_hal.o
 .debug_aranges
                0x00000000000000e0       0x90 Drivers/STM32F1xx_HAL_Driver/Src/stm32f1xx_hal_cortex.o
 .debug_aranges
                0x0000000000000170       0x88 Drivers/STM32F1xx_HAL_Driver/Src/stm32f1xx_hal_flash.o
 .debug_aranges
                0x00000000000001f8       0x98 Drivers/STM32F1xx_HAL_Driver/Src/stm32f1xx_hal_flash_ex.o
 .debug_aranges
                0x0000000000000290       0x58 Drivers/STM32F1xx_HAL_Driver/Src/stm32f1xx_hal_gpio.o
 .debug_aranges
                0x00000000000002e8      0x120 Drivers/STM32F1xx_HAL_Driver/Src/stm32f1xx_hal_pcd.o
 .debug_aranges
                0x0000000000000408       0x38 Drivers/STM32F1xx_HAL_Driver/Src/stm32f1xx_hal_pcd_ex.o
 .debug_aranges
                0x0000000000000440       0x90 Drivers/STM32F1xx_HAL_Driver/Src/stm32f1xx_hal_rcc.o
 .debug_aranges
                0x00000000000004d0       0x30 Drivers/STM32F1xx_HAL_Driver/Src/stm32f1xx_hal_rcc_ex.o
 .debug_aranges
                0x0000000000000500      0x108 Drivers/STM32F1xx_HAL_Driver/Src/stm32f1xx_ll_usb.o
 .debug_aranges
                0x0000000000000608       0x68 Middlewares/ST/STM32_USB_Device_Library/Class/MSC/Src/usbd_msc.o
 .debug_aranges
                0x0000000000000670       0x68 Middlewares/ST/STM32_USB_Device_Library/Class/MSC/Src/usbd_msc_bot.o
 .debug_aranges
                0x00000000000006d8       0x18 Middlewares/ST/STM32_USB_Device_Library/Class/MSC/Src/usbd_msc_data.o
 .debug_aranges
                0x00000000000006f0       0x98 Middlewares/ST/STM32_USB_Device_Library/Class/MSC/Src/usbd_msc_scsi.o
 .debug_aranges
                0x0000000000000788       0xb8 Middlewares/ST/STM32_USB_Device_Library/Core/Src/usbd_core.o
 .debug_aranges
                0x0000000000000840       0x88 Middlewares/ST/STM32_USB_Device_Library/Core/Src/usbd_ctlreq.o
 .debug_aranges
                0x00000000000008c8       0x50 Middlewares/ST/STM32_USB_Device_Library/Core/Src/usbd_ioreq.o
 .debug_aranges
                0x0000000000000918       0x40 Src/main.o
 .debug_aranges
                0x0000000000000958       0x20 Src/stm32f1xx_hal_msp.o
 .debug_aranges
                0x0000000000000978       0x68 Src/stm32f1xx_it.o
 .debug_aranges
                0x00000000000009e0       0x28 Src/system_stm32f1xx.o
 .debug_aranges
                0x0000000000000a08       0x20 Src/usb_device.o
 .debug_aranges
                0x0000000000000a28      0x118 Src/usbd_conf.o
 .debug_aranges
                0x0000000000000b40       0x60 Src/usbd_desc.o
 .debug_aranges
                0x0000000000000ba0       0x58 Src/usbd_storage_if.o
 .debug_aranges
                0x0000000000000bf8       0x28 startup/startup_stm32f103xb.o

.debug_ranges   0x0000000000000000      0xc80
 .debug_ranges  0x0000000000000000       0xd0 Drivers/STM32F1xx_HAL_Driver/Src/stm32f1xx_hal.o
 .debug_ranges  0x00000000000000d0       0xe0 Drivers/STM32F1xx_HAL_Driver/Src/stm32f1xx_hal_cortex.o
 .debug_ranges  0x00000000000001b0       0x78 Drivers/STM32F1xx_HAL_Driver/Src/stm32f1xx_hal_flash.o
 .debug_ranges  0x0000000000000228       0x88 Drivers/STM32F1xx_HAL_Driver/Src/stm32f1xx_hal_flash_ex.o
 .debug_ranges  0x00000000000002b0       0x48 Drivers/STM32F1xx_HAL_Driver/Src/stm32f1xx_hal_gpio.o
 .debug_ranges  0x00000000000002f8      0x140 Drivers/STM32F1xx_HAL_Driver/Src/stm32f1xx_hal_pcd.o
 .debug_ranges  0x0000000000000438       0x28 Drivers/STM32F1xx_HAL_Driver/Src/stm32f1xx_hal_pcd_ex.o
 .debug_ranges  0x0000000000000460       0xa0 Drivers/STM32F1xx_HAL_Driver/Src/stm32f1xx_hal_rcc.o
 .debug_ranges  0x0000000000000500       0x38 Drivers/STM32F1xx_HAL_Driver/Src/stm32f1xx_hal_rcc_ex.o
 .debug_ranges  0x0000000000000538      0x218 Drivers/STM32F1xx_HAL_Driver/Src/stm32f1xx_ll_usb.o
 .debug_ranges  0x0000000000000750       0x58 Middlewares/ST/STM32_USB_Device_Library/Class/MSC/Src/usbd_msc.o
 .debug_ranges  0x00000000000007a8       0x58 Middlewares/ST/STM32_USB_Device_Library/Class/MSC/Src/usbd_msc_bot.o
 .debug_ranges  0x0000000000000800       0x88 Middlewares/ST/STM32_USB_Device_Library/Class/MSC/Src/usbd_msc_scsi.o
 .debug_ranges  0x0000000000000888       0xa8 Middlewares/ST/STM32_USB_Device_Library/Core/Src/usbd_core.o
 .debug_ranges  0x0000000000000930       0x78 Middlewares/ST/STM32_USB_Device_Library/Core/Src/usbd_ctlreq.o
 .debug_ranges  0x00000000000009a8       0x40 Middlewares/ST/STM32_USB_Device_Library/Core/Src/usbd_ioreq.o
 .debug_ranges  0x00000000000009e8       0x30 Src/main.o
 .debug_ranges  0x0000000000000a18       0x10 Src/stm32f1xx_hal_msp.o
 .debug_ranges  0x0000000000000a28       0x58 Src/stm32f1xx_it.o
 .debug_ranges  0x0000000000000a80       0x18 Src/system_stm32f1xx.o
 .debug_ranges  0x0000000000000a98       0x10 Src/usb_device.o
 .debug_ranges  0x0000000000000aa8      0x108 Src/usbd_conf.o
 .debug_ranges  0x0000000000000bb0       0x50 Src/usbd_desc.o
 .debug_ranges  0x0000000000000c00       0x60 Src/usbd_storage_if.o
 .debug_ranges  0x0000000000000c60       0x20 startup/startup_stm32f103xb.o

.debug_macro    0x0000000000000000    0x176f7
 .debug_macro   0x0000000000000000      0x1c3 Drivers/STM32F1xx_HAL_Driver/Src/stm32f1xx_hal.o
 .debug_macro   0x00000000000001c3      0xa54 Drivers/STM32F1xx_HAL_Driver/Src/stm32f1xx_hal.o
 .debug_macro   0x0000000000000c17      0x215 Drivers/STM32F1xx_HAL_Driver/Src/stm32f1xx_hal.o
 .debug_macro   0x0000000000000e2c       0x2e Drivers/STM32F1xx_HAL_Driver/Src/stm32f1xx_hal.o
 .debug_macro   0x0000000000000e5a       0x22 Drivers/STM32F1xx_HAL_Driver/Src/stm32f1xx_hal.o
 .debug_macro   0x0000000000000e7c       0x22 Drivers/STM32F1xx_HAL_Driver/Src/stm32f1xx_hal.o
 .debug_macro   0x0000000000000e9e       0x8e Drivers/STM32F1xx_HAL_Driver/Src/stm32f1xx_hal.o
 .debug_macro   0x0000000000000f2c       0x51 Drivers/STM32F1xx_HAL_Driver/Src/stm32f1xx_hal.o
 .debug_macro   0x0000000000000f7d       0xef Drivers/STM32F1xx_HAL_Driver/Src/stm32f1xx_hal.o
 .debug_macro   0x000000000000106c       0x6a Drivers/STM32F1xx_HAL_Driver/Src/stm32f1xx_hal.o
 .debug_macro   0x00000000000010d6      0x1df Drivers/STM32F1xx_HAL_Driver/Src/stm32f1xx_hal.o
 .debug_macro   0x00000000000012b5       0x1c Drivers/STM32F1xx_HAL_Driver/Src/stm32f1xx_hal.o
 .debug_macro   0x00000000000012d1       0x22 Drivers/STM32F1xx_HAL_Driver/Src/stm32f1xx_hal.o
 .debug_macro   0x00000000000012f3       0xc3 Drivers/STM32F1xx_HAL_Driver/Src/stm32f1xx_hal.o
 .debug_macro   0x00000000000013b6      0xd23 Drivers/STM32F1xx_HAL_Driver/Src/stm32f1xx_hal.o
 .debug_macro   0x00000000000020d9     0xe09e Drivers/STM32F1xx_HAL_Driver/Src/stm32f1xx_hal.o
 .debug_macro   0x0000000000010177       0x43 Drivers/STM32F1xx_HAL_Driver/Src/stm32f1xx_hal.o
 .debug_macro   0x00000000000101ba      0x174 Drivers/STM32F1xx_HAL_Driver/Src/stm32f1xx_hal.o
 .debug_macro   0x000000000001032e       0x5a Drivers/STM32F1xx_HAL_Driver/Src/stm32f1xx_hal.o
 .debug_macro   0x0000000000010388      0x5be Drivers/STM32F1xx_HAL_Driver/Src/stm32f1xx_hal.o
 .debug_macro   0x0000000000010946      0x289 Drivers/STM32F1xx_HAL_Driver/Src/stm32f1xx_hal.o
 .debug_macro   0x0000000000010bcf      0x1cb Drivers/STM32F1xx_HAL_Driver/Src/stm32f1xx_hal.o
 .debug_macro   0x0000000000010d9a      0x114 Drivers/STM32F1xx_HAL_Driver/Src/stm32f1xx_hal.o
 .debug_macro   0x0000000000010eae      0x1b2 Drivers/STM32F1xx_HAL_Driver/Src/stm32f1xx_hal.o
 .debug_macro   0x0000000000011060       0x27 Drivers/STM32F1xx_HAL_Driver/Src/stm32f1xx_hal.o
 .debug_macro   0x0000000000011087      0x136 Drivers/STM32F1xx_HAL_Driver/Src/stm32f1xx_hal.o
 .debug_macro   0x00000000000111bd      0x1bc Drivers/STM32F1xx_HAL_Driver/Src/stm32f1xx_hal.o
 .debug_macro   0x0000000000011379       0x34 Drivers/STM32F1xx_HAL_Driver/Src/stm32f1xx_hal.o
 .debug_macro   0x00000000000113ad       0x3c Drivers/STM32F1xx_HAL_Driver/Src/stm32f1xx_hal.o
 .debug_macro   0x00000000000113e9       0x57 Drivers/STM32F1xx_HAL_Driver/Src/stm32f1xx_hal.o
 .debug_macro   0x0000000000011440       0x88 Drivers/STM32F1xx_HAL_Driver/Src/stm32f1xx_hal.o
 .debug_macro   0x00000000000114c8      0x241 Drivers/STM32F1xx_HAL_Driver/Src/stm32f1xx_hal.o
 .debug_macro   0x0000000000011709      0x141 Drivers/STM32F1xx_HAL_Driver/Src/stm32f1xx_hal.o
 .debug_macro   0x000000000001184a       0x65 Drivers/STM32F1xx_HAL_Driver/Src/stm32f1xx_hal.o
 .debug_macro   0x00000000000118af      0x249 Drivers/STM32F1xx_HAL_Driver/Src/stm32f1xx_hal.o
 .debug_macro   0x0000000000011af8       0x83 Drivers/STM32F1xx_HAL_Driver/Src/stm32f1xx_hal.o
 .debug_macro   0x0000000000011b7b      0x19f Drivers/STM32F1xx_HAL_Driver/Src/stm32f1xx_hal_cortex.o
 .debug_macro   0x0000000000011d1a      0x19f Drivers/STM32F1xx_HAL_Driver/Src/stm32f1xx_hal_flash.o
 .debug_macro   0x0000000000011eb9      0x1b1 Drivers/STM32F1xx_HAL_Driver/Src/stm32f1xx_hal_flash_ex.o
 .debug_macro   0x000000000001206a      0x20a Drivers/STM32F1xx_HAL_Driver/Src/stm32f1xx_hal_gpio.o
 .debug_macro   0x0000000000012274      0x1ab Drivers/STM32F1xx_HAL_Driver/Src/stm32f1xx_hal_pcd.o
 .debug_macro   0x000000000001241f      0x19f Drivers/STM32F1xx_HAL_Driver/Src/stm32f1xx_hal_pcd_ex.o
 .debug_macro   0x00000000000125be      0x1b1 Drivers/STM32F1xx_HAL_Driver/Src/stm32f1xx_hal_rcc.o
 .debug_macro   0x000000000001276f      0x19f Drivers/STM32F1xx_HAL_Driver/Src/stm32f1xx_hal_rcc_ex.o
 .debug_macro   0x000000000001290e      0x19f Drivers/STM32F1xx_HAL_Driver/Src/stm32f1xx_ll_usb.o
 .debug_macro   0x0000000000012aad      0x3cd Middlewares/ST/STM32_USB_Device_Library/Class/MSC/Src/usbd_msc.o
 .debug_macro   0x0000000000012e7a       0x58 Middlewares/ST/STM32_USB_Device_Library/Class/MSC/Src/usbd_msc.o
 .debug_macro   0x0000000000012ed2       0x18 Middlewares/ST/STM32_USB_Device_Library/Class/MSC/Src/usbd_msc.o
 .debug_macro   0x0000000000012eea       0x94 Middlewares/ST/STM32_USB_Device_Library/Class/MSC/Src/usbd_msc.o
 .debug_macro   0x0000000000012f7e       0x35 Middlewares/ST/STM32_USB_Device_Library/Class/MSC/Src/usbd_msc.o
 .debug_macro   0x0000000000012fb3       0x34 Middlewares/ST/STM32_USB_Device_Library/Class/MSC/Src/usbd_msc.o
 .debug_macro   0x0000000000012fe7       0x16 Middlewares/ST/STM32_USB_Device_Library/Class/MSC/Src/usbd_msc.o
 .debug_macro   0x0000000000012ffd       0x57 Middlewares/ST/STM32_USB_Device_Library/Class/MSC/Src/usbd_msc.o
 .debug_macro   0x0000000000013054       0x97 Middlewares/ST/STM32_USB_Device_Library/Class/MSC/Src/usbd_msc.o
 .debug_macro   0x00000000000130eb      0x330 Middlewares/ST/STM32_USB_Device_Library/Class/MSC/Src/usbd_msc.o
 .debug_macro   0x000000000001341b       0xfd Middlewares/ST/STM32_USB_Device_Library/Class/MSC/Src/usbd_msc.o
 .debug_macro   0x0000000000013518       0x10 Middlewares/ST/STM32_USB_Device_Library/Class/MSC/Src/usbd_msc.o
 .debug_macro   0x0000000000013528       0x58 Middlewares/ST/STM32_USB_Device_Library/Class/MSC/Src/usbd_msc.o
 .debug_macro   0x0000000000013580       0x1f Middlewares/ST/STM32_USB_Device_Library/Class/MSC/Src/usbd_msc.o
 .debug_macro   0x000000000001359f       0x43 Middlewares/ST/STM32_USB_Device_Library/Class/MSC/Src/usbd_msc.o
 .debug_macro   0x00000000000135e2       0x20 Middlewares/ST/STM32_USB_Device_Library/Class/MSC/Src/usbd_msc.o
 .debug_macro   0x0000000000013602      0x18e Middlewares/ST/STM32_USB_Device_Library/Class/MSC/Src/usbd_msc.o
 .debug_macro   0x0000000000013790       0x10 Middlewares/ST/STM32_USB_Device_Library/Class/MSC/Src/usbd_msc.o
 .debug_macro   0x00000000000137a0       0x1c Middlewares/ST/STM32_USB_Device_Library/Class/MSC/Src/usbd_msc.o
 .debug_macro   0x00000000000137bc       0x52 Middlewares/ST/STM32_USB_Device_Library/Class/MSC/Src/usbd_msc.o
 .debug_macro   0x000000000001380e       0x40 Middlewares/ST/STM32_USB_Device_Library/Class/MSC/Src/usbd_msc.o
 .debug_macro   0x000000000001384e       0x10 Middlewares/ST/STM32_USB_Device_Library/Class/MSC/Src/usbd_msc.o
 .debug_macro   0x000000000001385e       0x40 Middlewares/ST/STM32_USB_Device_Library/Class/MSC/Src/usbd_msc.o
 .debug_macro   0x000000000001389e       0xd7 Middlewares/ST/STM32_USB_Device_Library/Class/MSC/Src/usbd_msc.o
 .debug_macro   0x0000000000013975       0x1c Middlewares/ST/STM32_USB_Device_Library/Class/MSC/Src/usbd_msc.o
 .debug_macro   0x0000000000013991       0x3d Middlewares/ST/STM32_USB_Device_Library/Class/MSC/Src/usbd_msc.o
 .debug_macro   0x00000000000139ce       0x16 Middlewares/ST/STM32_USB_Device_Library/Class/MSC/Src/usbd_msc.o
 .debug_macro   0x00000000000139e4      0x16f Middlewares/ST/STM32_USB_Device_Library/Class/MSC/Src/usbd_msc.o
 .debug_macro   0x0000000000013b53       0x16 Middlewares/ST/STM32_USB_Device_Library/Class/MSC/Src/usbd_msc.o
 .debug_macro   0x0000000000013b69       0x35 Middlewares/ST/STM32_USB_Device_Library/Class/MSC/Src/usbd_msc.o
 .debug_macro   0x0000000000013b9e       0x16 Middlewares/ST/STM32_USB_Device_Library/Class/MSC/Src/usbd_msc.o
 .debug_macro   0x0000000000013bb4       0x29 Middlewares/ST/STM32_USB_Device_Library/Class/MSC/Src/usbd_msc.o
 .debug_macro   0x0000000000013bdd       0x16 Middlewares/ST/STM32_USB_Device_Library/Class/MSC/Src/usbd_msc.o
 .debug_macro   0x0000000000013bf3       0xbd Middlewares/ST/STM32_USB_Device_Library/Class/MSC/Src/usbd_msc.o
 .debug_macro   0x0000000000013cb0       0x54 Middlewares/ST/STM32_USB_Device_Library/Class/MSC/Src/usbd_msc.o
 .debug_macro   0x0000000000013d04       0x60 Middlewares/ST/STM32_USB_Device_Library/Class/MSC/Src/usbd_msc.o
 .debug_macro   0x0000000000013d64      0x1ce Middlewares/ST/STM32_USB_Device_Library/Class/MSC/Src/usbd_msc.o
 .debug_macro   0x0000000000013f32       0x7c Middlewares/ST/STM32_USB_Device_Library/Class/MSC/Src/usbd_msc.o
 .debug_macro   0x0000000000013fae      0x15a Middlewares/ST/STM32_USB_Device_Library/Class/MSC/Src/usbd_msc.o
 .debug_macro   0x0000000000014108       0x34 Middlewares/ST/STM32_USB_Device_Library/Class/MSC/Src/usbd_msc.o
 .debug_macro   0x000000000001413c      0x3d5 Middlewares/ST/STM32_USB_Device_Library/Class/MSC/Src/usbd_msc_bot.o
 .debug_macro   0x0000000000014511      0x376 Middlewares/ST/STM32_USB_Device_Library/Class/MSC/Src/usbd_msc_data.o
 .debug_macro   0x0000000000014887       0x1c Middlewares/ST/STM32_USB_Device_Library/Class/MSC/Src/usbd_msc_data.o
 .debug_macro   0x00000000000148a3      0x3de Middlewares/ST/STM32_USB_Device_Library/Class/MSC/Src/usbd_msc_scsi.o
 .debug_macro   0x0000000000014c81       0x22 Middlewares/ST/STM32_USB_Device_Library/Class/MSC/Src/usbd_msc_scsi.o
 .debug_macro   0x0000000000014ca3      0x398 Middlewares/ST/STM32_USB_Device_Library/Core/Src/usbd_core.o
 .debug_macro   0x000000000001503b      0x3a2 Middlewares/ST/STM32_USB_Device_Library/Core/Src/usbd_ctlreq.o
 .debug_macro   0x00000000000153dd      0x1c8 Middlewares/ST/STM32_USB_Device_Library/Core/Src/usbd_ctlreq.o
 .debug_macro   0x00000000000155a5      0x39e Middlewares/ST/STM32_USB_Device_Library/Core/Src/usbd_ioreq.o
 .debug_macro   0x0000000000015943      0x390 Src/main.o
 .debug_macro   0x0000000000015cd3       0x5e Src/main.o
 .debug_macro   0x0000000000015d31      0x32a Src/main.o
 .debug_macro   0x000000000001605b      0x1a9 Src/stm32f1xx_hal_msp.o
 .debug_macro   0x0000000000016204      0x1b3 Src/stm32f1xx_it.o
 .debug_macro   0x00000000000163b7      0x1a5 Src/system_stm32f1xx.o
 .debug_macro   0x000000000001655c      0x3ea Src/usb_device.o
 .debug_macro   0x0000000000016946       0x22 Src/usb_device.o
 .debug_macro   0x0000000000016968       0x82 Src/usb_device.o
 .debug_macro   0x00000000000169ea      0x160 Src/usb_device.o
 .debug_macro   0x0000000000016b4a      0x3cd Src/usbd_conf.o
 .debug_macro   0x0000000000016f17      0x3d5 Src/usbd_desc.o
 .debug_macro   0x00000000000172ec       0x1c Src/usbd_desc.o
 .debug_macro   0x0000000000017308      0x3ef Src/usbd_storage_if.o

.debug_line     0x0000000000000000     0xdb2e
 .debug_line    0x0000000000000000      0x7e4 Drivers/STM32F1xx_HAL_Driver/Src/stm32f1xx_hal.o
 .debug_line    0x00000000000007e4      0x7f2 Drivers/STM32F1xx_HAL_Driver/Src/stm32f1xx_hal_cortex.o
 .debug_line    0x0000000000000fd6      0x80c Drivers/STM32F1xx_HAL_Driver/Src/stm32f1xx_hal_flash.o
 .debug_line    0x00000000000017e2      0x89d Drivers/STM32F1xx_HAL_Driver/Src/stm32f1xx_hal_flash_ex.o
 .debug_line    0x000000000000207f      0x7b7 Drivers/STM32F1xx_HAL_Driver/Src/stm32f1xx_hal_gpio.o
 .debug_line    0x0000000000002836      0xaf3 Drivers/STM32F1xx_HAL_Driver/Src/stm32f1xx_hal_pcd.o
 .debug_line    0x0000000000003329      0x65e Drivers/STM32F1xx_HAL_Driver/Src/stm32f1xx_hal_pcd_ex.o
 .debug_line    0x0000000000003987      0x8ed Drivers/STM32F1xx_HAL_Driver/Src/stm32f1xx_hal_rcc.o
 .debug_line    0x0000000000004274      0x6d0 Drivers/STM32F1xx_HAL_Driver/Src/stm32f1xx_hal_rcc_ex.o
 .debug_line    0x0000000000004944      0xaba Drivers/STM32F1xx_HAL_Driver/Src/stm32f1xx_ll_usb.o
 .debug_line    0x00000000000053fe      0x9fd Middlewares/ST/STM32_USB_Device_Library/Class/MSC/Src/usbd_msc.o
 .debug_line    0x0000000000005dfb      0x9f7 Middlewares/ST/STM32_USB_Device_Library/Class/MSC/Src/usbd_msc_bot.o
 .debug_line    0x00000000000067f2      0x80a Middlewares/ST/STM32_USB_Device_Library/Class/MSC/Src/usbd_msc_data.o
 .debug_line    0x0000000000006ffc      0xb3a Middlewares/ST/STM32_USB_Device_Library/Class/MSC/Src/usbd_msc_scsi.o
 .debug_line    0x0000000000007b36      0xa65 Middlewares/ST/STM32_USB_Device_Library/Core/Src/usbd_core.o
 .debug_line    0x000000000000859b      0xb2b Middlewares/ST/STM32_USB_Device_Library/Core/Src/usbd_ctlreq.o
 .debug_line    0x00000000000090c6      0x8ae Middlewares/ST/STM32_USB_Device_Library/Core/Src/usbd_ioreq.o
 .debug_line    0x0000000000009974      0x85b Src/main.o
 .debug_line    0x000000000000a1cf      0x60b Src/stm32f1xx_hal_msp.o
 .debug_line    0x000000000000a7da      0x6ac Src/stm32f1xx_it.o
 .debug_line    0x000000000000ae86      0x63d Src/system_stm32f1xx.o
 .debug_line    0x000000000000b4c3      0x8d1 Src/usb_device.o
 .debug_line    0x000000000000bd94      0xaf8 Src/usbd_conf.o
 .debug_line    0x000000000000c88c      0x8d7 Src/usbd_desc.o
 .debug_line    0x000000000000d163      0x94e Src/usbd_storage_if.o
 .debug_line    0x000000000000dab1       0x7d startup/startup_stm32f103xb.o

.debug_str      0x0000000000000000    0x6dc2f
 .debug_str     0x0000000000000000    0x65a17 Drivers/STM32F1xx_HAL_Driver/Src/stm32f1xx_hal.o
                                      0x65d5b (size before relaxing)
 .debug_str     0x0000000000065a17      0x2e1 Drivers/STM32F1xx_HAL_Driver/Src/stm32f1xx_hal_cortex.o
                                      0x65d24 (size before relaxing)
 .debug_str     0x0000000000065cf8      0x2cb Drivers/STM32F1xx_HAL_Driver/Src/stm32f1xx_hal_flash.o
                                      0x65992 (size before relaxing)
 .debug_str     0x0000000000065fc3      0x359 Drivers/STM32F1xx_HAL_Driver/Src/stm32f1xx_hal_flash_ex.o
                                      0x65b40 (size before relaxing)
 .debug_str     0x000000000006631c      0x398 Drivers/STM32F1xx_HAL_Driver/Src/stm32f1xx_hal_gpio.o
                                      0x65a4f (size before relaxing)
 .debug_str     0x00000000000666b4      0x7e0 Drivers/STM32F1xx_HAL_Driver/Src/stm32f1xx_hal_pcd.o
                                      0x65eca (size before relaxing)
 .debug_str     0x0000000000066e94      0x170 Drivers/STM32F1xx_HAL_Driver/Src/stm32f1xx_hal_pcd_ex.o
                                      0x65b12 (size before relaxing)
 .debug_str     0x0000000000067004      0x373 Drivers/STM32F1xx_HAL_Driver/Src/stm32f1xx_hal_rcc.o
                                      0x65aaf (size before relaxing)
 .debug_str     0x0000000000067377      0x12b Drivers/STM32F1xx_HAL_Driver/Src/stm32f1xx_hal_rcc_ex.o
                                      0x65836 (size before relaxing)
 .debug_str     0x00000000000674a2      0x19d Drivers/STM32F1xx_HAL_Driver/Src/stm32f1xx_ll_usb.o
                                      0x65b7c (size before relaxing)
 .debug_str     0x000000000006763f     0x5765 Middlewares/ST/STM32_USB_Device_Library/Class/MSC/Src/usbd_msc.o
                                      0x6af0a (size before relaxing)
 .debug_str     0x000000000006cda4      0x107 Middlewares/ST/STM32_USB_Device_Library/Class/MSC/Src/usbd_msc_bot.o
                                      0x6ae02 (size before relaxing)
 .debug_str     0x000000000006ceab       0xfc Middlewares/ST/STM32_USB_Device_Library/Class/MSC/Src/usbd_msc_data.o
                                      0x696fd (size before relaxing)
 .debug_str     0x000000000006cfa7      0x159 Middlewares/ST/STM32_USB_Device_Library/Class/MSC/Src/usbd_msc_scsi.o
                                      0x6aef3 (size before relaxing)
 .debug_str     0x000000000006d100      0x284 Middlewares/ST/STM32_USB_Device_Library/Core/Src/usbd_core.o
                                      0x6a516 (size before relaxing)
 .debug_str     0x000000000006d384      0x11b Middlewares/ST/STM32_USB_Device_Library/Core/Src/usbd_ctlreq.o
                                      0x6a430 (size before relaxing)
 .debug_str     0x000000000006d49f       0x63 Middlewares/ST/STM32_USB_Device_Library/Core/Src/usbd_ioreq.o
                                      0x6a35d (size before relaxing)
 .debug_str     0x000000000006d502       0xe0 Src/main.o
                                      0x6a244 (size before relaxing)
 .debug_str     0x000000000006d5e2       0x1b Src/stm32f1xx_hal_msp.o
                                      0x65699 (size before relaxing)
 .debug_str     0x000000000006d5fd       0xc4 Src/stm32f1xx_it.o
                                      0x65a42 (size before relaxing)
 .debug_str     0x000000000006d6c1       0x69 Src/system_stm32f1xx.o
                                      0x65700 (size before relaxing)
 .debug_str     0x000000000006d72a       0xda Src/usb_device.o
                                      0x6ac6a (size before relaxing)
 .debug_str     0x000000000006d804       0x55 Src/usbd_conf.o
                                      0x6b6cf (size before relaxing)
 .debug_str     0x000000000006d859      0x24a Src/usbd_desc.o
                                      0x6a28b (size before relaxing)
 .debug_str     0x000000000006daa3      0x15d Src/usbd_storage_if.o
                                      0x6ad8e (size before relaxing)
 .debug_str     0x000000000006dc00       0x2f startup/startup_stm32f103xb.o
                                         0x52 (size before relaxing)

.comment        0x0000000000000000       0x7f
 .comment       0x0000000000000000       0x7f Drivers/STM32F1xx_HAL_Driver/Src/stm32f1xx_hal.o
                                         0x80 (size before relaxing)
 .comment       0x000000000000007f       0x80 Drivers/STM32F1xx_HAL_Driver/Src/stm32f1xx_hal_cortex.o
 .comment       0x000000000000007f       0x80 Drivers/STM32F1xx_HAL_Driver/Src/stm32f1xx_hal_flash.o
 .comment       0x000000000000007f       0x80 Drivers/STM32F1xx_HAL_Driver/Src/stm32f1xx_hal_flash_ex.o
 .comment       0x000000000000007f       0x80 Drivers/STM32F1xx_HAL_Driver/Src/stm32f1xx_hal_gpio.o
 .comment       0x000000000000007f       0x80 Drivers/STM32F1xx_HAL_Driver/Src/stm32f1xx_hal_pcd.o
 .comment       0x000000000000007f       0x80 Drivers/STM32F1xx_HAL_Driver/Src/stm32f1xx_hal_pcd_ex.o
 .comment       0x000000000000007f       0x80 Drivers/STM32F1xx_HAL_Driver/Src/stm32f1xx_hal_rcc.o
 .comment       0x000000000000007f       0x80 Drivers/STM32F1xx_HAL_Driver/Src/stm32f1xx_hal_rcc_ex.o
 .comment       0x000000000000007f       0x80 Drivers/STM32F1xx_HAL_Driver/Src/stm32f1xx_ll_usb.o
 .comment       0x000000000000007f       0x80 Middlewares/ST/STM32_USB_Device_Library/Class/MSC/Src/usbd_msc.o
 .comment       0x000000000000007f       0x80 Middlewares/ST/STM32_USB_Device_Library/Class/MSC/Src/usbd_msc_bot.o
 .comment       0x000000000000007f       0x80 Middlewares/ST/STM32_USB_Device_Library/Class/MSC/Src/usbd_msc_data.o
 .comment       0x000000000000007f       0x80 Middlewares/ST/STM32_USB_Device_Library/Class/MSC/Src/usbd_msc_scsi.o
 .comment       0x000000000000007f       0x80 Middlewares/ST/STM32_USB_Device_Library/Core/Src/usbd_core.o
 .comment       0x000000000000007f       0x80 Middlewares/ST/STM32_USB_Device_Library/Core/Src/usbd_ctlreq.o
 .comment       0x000000000000007f       0x80 Middlewares/ST/STM32_USB_Device_Library/Core/Src/usbd_ioreq.o
 .comment       0x000000000000007f       0x80 Src/main.o
 .comment       0x000000000000007f       0x80 Src/stm32f1xx_hal_msp.o
 .comment       0x000000000000007f       0x80 Src/stm32f1xx_it.o
 .comment       0x000000000000007f       0x80 Src/system_stm32f1xx.o
 .comment       0x000000000000007f       0x80 Src/usb_device.o
 .comment       0x000000000000007f       0x80 Src/usbd_conf.o
 .comment       0x000000000000007f       0x80 Src/usbd_desc.o
 .comment       0x000000000000007f       0x80 Src/usbd_storage_if.o

.debug_frame    0x0000000000000000     0x1c64
 .debug_frame   0x0000000000000000      0x1d0 Drivers/STM32F1xx_HAL_Driver/Src/stm32f1xx_hal.o
 .debug_frame   0x00000000000001d0      0x12c Drivers/STM32F1xx_HAL_Driver/Src/stm32f1xx_hal_cortex.o
 .debug_frame   0x00000000000002fc      0x134 Drivers/STM32F1xx_HAL_Driver/Src/stm32f1xx_hal_flash.o
 .debug_frame   0x0000000000000430      0x194 Drivers/STM32F1xx_HAL_Driver/Src/stm32f1xx_hal_flash_ex.o
 .debug_frame   0x00000000000005c4       0xe8 Drivers/STM32F1xx_HAL_Driver/Src/stm32f1xx_hal_gpio.o
 .debug_frame   0x00000000000006ac      0x300 Drivers/STM32F1xx_HAL_Driver/Src/stm32f1xx_hal_pcd.o
 .debug_frame   0x00000000000009ac       0x50 Drivers/STM32F1xx_HAL_Driver/Src/stm32f1xx_hal_pcd_ex.o
 .debug_frame   0x00000000000009fc      0x198 Drivers/STM32F1xx_HAL_Driver/Src/stm32f1xx_hal_rcc.o
 .debug_frame   0x0000000000000b94       0x6c Drivers/STM32F1xx_HAL_Driver/Src/stm32f1xx_hal_rcc_ex.o
 .debug_frame   0x0000000000000c00      0x254 Drivers/STM32F1xx_HAL_Driver/Src/stm32f1xx_ll_usb.o
 .debug_frame   0x0000000000000e54       0xec Middlewares/ST/STM32_USB_Device_Library/Class/MSC/Src/usbd_msc.o
 .debug_frame   0x0000000000000f40      0x10c Middlewares/ST/STM32_USB_Device_Library/Class/MSC/Src/usbd_msc_bot.o
 .debug_frame   0x000000000000104c      0x1b4 Middlewares/ST/STM32_USB_Device_Library/Class/MSC/Src/usbd_msc_scsi.o
 .debug_frame   0x0000000000001200      0x1c0 Middlewares/ST/STM32_USB_Device_Library/Core/Src/usbd_core.o
 .debug_frame   0x00000000000013c0      0x178 Middlewares/ST/STM32_USB_Device_Library/Core/Src/usbd_ctlreq.o
 .debug_frame   0x0000000000001538       0xb8 Middlewares/ST/STM32_USB_Device_Library/Core/Src/usbd_ioreq.o
 .debug_frame   0x00000000000015f0       0x90 Src/main.o
 .debug_frame   0x0000000000001680       0x28 Src/stm32f1xx_hal_msp.o
 .debug_frame   0x00000000000016a8       0xc0 Src/stm32f1xx_it.o
 .debug_frame   0x0000000000001768       0x30 Src/system_stm32f1xx.o
 .debug_frame   0x0000000000001798       0x28 Src/usb_device.o
 .debug_frame   0x00000000000017c0      0x2ec Src/usbd_conf.o
 .debug_frame   0x0000000000001aac       0xe0 Src/usbd_desc.o
 .debug_frame   0x0000000000001b8c       0xac Src/usbd_storage_if.o
 .debug_frame   0x0000000000001c38       0x2c /home/evgeniy/Ac6/SystemWorkbench/plugins/fr.ac6.mcu.externaltools.arm-none.linux64_1.17.0.201812190825/tools/compiler/bin/../lib/gcc/arm-none-eabi/7.3.1/../../../../arm-none-eabi/lib/thumb/v7-m/libc_nano.a(lib_a-init.o)
